Archive member included to satisfy reference by file (symbol)

c:/users/11958/desktop/template/tools/riscv/tool-chain/bin/../lib/gcc/riscv32-unknown-elf/11.1.0/../../../../riscv32-unknown-elf/lib/rv32imafdc/ilp32f\libc.a(lib_a-assert.o)
                              CMakeFiles/Serial.elf.dir/C_/Users/11958/Desktop/Template/arch/riscv/l1c/hpm_l1c_drv.c.obj (__assert_func)
c:/users/11958/desktop/template/tools/riscv/tool-chain/bin/../lib/gcc/riscv32-unknown-elf/11.1.0/../../../../riscv32-unknown-elf/lib/rv32imafdc/ilp32f\libc.a(lib_a-fiprintf.o)
                              c:/users/11958/desktop/template/tools/riscv/tool-chain/bin/../lib/gcc/riscv32-unknown-elf/11.1.0/../../../../riscv32-unknown-elf/lib/rv32imafdc/ilp32f\libc.a(lib_a-assert.o) (fiprintf)
c:/users/11958/desktop/template/tools/riscv/tool-chain/bin/../lib/gcc/riscv32-unknown-elf/11.1.0/../../../../riscv32-unknown-elf/lib/rv32imafdc/ilp32f\libc.a(lib_a-impure.o)
                              c:/users/11958/desktop/template/tools/riscv/tool-chain/bin/../lib/gcc/riscv32-unknown-elf/11.1.0/../../../../riscv32-unknown-elf/lib/rv32imafdc/ilp32f\libc.a(lib_a-assert.o) (_impure_ptr)
c:/users/11958/desktop/template/tools/riscv/tool-chain/bin/../lib/gcc/riscv32-unknown-elf/11.1.0/../../../../riscv32-unknown-elf/lib/rv32imafdc/ilp32f\libc.a(lib_a-printf.o)
                              CMakeFiles/Serial.elf.dir/C_/Users/11958/Desktop/Template/board/HPM6450/board_bsp.c.obj (printf)
c:/users/11958/desktop/template/tools/riscv/tool-chain/bin/../lib/gcc/riscv32-unknown-elf/11.1.0/../../../../riscv32-unknown-elf/lib/rv32imafdc/ilp32f\libc.a(lib_a-puts.o)
                              CMakeFiles/Serial.elf.dir/main.c.obj (puts)
c:/users/11958/desktop/template/tools/riscv/tool-chain/bin/../lib/gcc/riscv32-unknown-elf/11.1.0/../../../../riscv32-unknown-elf/lib/rv32imafdc/ilp32f\libc.a(lib_a-strcmp.o)
                              CMakeFiles/Serial.elf.dir/C_/Users/11958/Desktop/Template/subsys/uart_hal/subsys_uart.c.obj (strcmp)
c:/users/11958/desktop/template/tools/riscv/tool-chain/bin/../lib/gcc/riscv32-unknown-elf/11.1.0/../../../../riscv32-unknown-elf/lib/rv32imafdc/ilp32f\libc.a(lib_a-strlen.o)
                              c:/users/11958/desktop/template/tools/riscv/tool-chain/bin/../lib/gcc/riscv32-unknown-elf/11.1.0/../../../../riscv32-unknown-elf/lib/rv32imafdc/ilp32f\libc.a(lib_a-puts.o) (strlen)
c:/users/11958/desktop/template/tools/riscv/tool-chain/bin/../lib/gcc/riscv32-unknown-elf/11.1.0/../../../../riscv32-unknown-elf/lib/rv32imafdc/ilp32f\libc.a(lib_a-vfiprintf.o)
                              c:/users/11958/desktop/template/tools/riscv/tool-chain/bin/../lib/gcc/riscv32-unknown-elf/11.1.0/../../../../riscv32-unknown-elf/lib/rv32imafdc/ilp32f\libc.a(lib_a-fiprintf.o) (_vfiprintf_r)
c:/users/11958/desktop/template/tools/riscv/tool-chain/bin/../lib/gcc/riscv32-unknown-elf/11.1.0/../../../../riscv32-unknown-elf/lib/rv32imafdc/ilp32f\libc.a(lib_a-vfprintf.o)
                              c:/users/11958/desktop/template/tools/riscv/tool-chain/bin/../lib/gcc/riscv32-unknown-elf/11.1.0/../../../../riscv32-unknown-elf/lib/rv32imafdc/ilp32f\libc.a(lib_a-printf.o) (_vfprintf_r)
c:/users/11958/desktop/template/tools/riscv/tool-chain/bin/../lib/gcc/riscv32-unknown-elf/11.1.0/../../../../riscv32-unknown-elf/lib/rv32imafdc/ilp32f\libc.a(lib_a-wsetup.o)
                              c:/users/11958/desktop/template/tools/riscv/tool-chain/bin/../lib/gcc/riscv32-unknown-elf/11.1.0/../../../../riscv32-unknown-elf/lib/rv32imafdc/ilp32f\libc.a(lib_a-vfiprintf.o) (__swsetup_r)
c:/users/11958/desktop/template/tools/riscv/tool-chain/bin/../lib/gcc/riscv32-unknown-elf/11.1.0/../../../../riscv32-unknown-elf/lib/rv32imafdc/ilp32f\libc.a(lib_a-abort.o)
                              c:/users/11958/desktop/template/tools/riscv/tool-chain/bin/../lib/gcc/riscv32-unknown-elf/11.1.0/../../../../riscv32-unknown-elf/lib/rv32imafdc/ilp32f\libc.a(lib_a-assert.o) (abort)
c:/users/11958/desktop/template/tools/riscv/tool-chain/bin/../lib/gcc/riscv32-unknown-elf/11.1.0/../../../../riscv32-unknown-elf/lib/rv32imafdc/ilp32f\libc.a(lib_a-fflush.o)
                              c:/users/11958/desktop/template/tools/riscv/tool-chain/bin/../lib/gcc/riscv32-unknown-elf/11.1.0/../../../../riscv32-unknown-elf/lib/rv32imafdc/ilp32f\libc.a(lib_a-vfiprintf.o) (_fflush_r)
c:/users/11958/desktop/template/tools/riscv/tool-chain/bin/../lib/gcc/riscv32-unknown-elf/11.1.0/../../../../riscv32-unknown-elf/lib/rv32imafdc/ilp32f\libc.a(lib_a-findfp.o)
                              c:/users/11958/desktop/template/tools/riscv/tool-chain/bin/../lib/gcc/riscv32-unknown-elf/11.1.0/../../../../riscv32-unknown-elf/lib/rv32imafdc/ilp32f\libc.a(lib_a-puts.o) (__sinit)
c:/users/11958/desktop/template/tools/riscv/tool-chain/bin/../lib/gcc/riscv32-unknown-elf/11.1.0/../../../../riscv32-unknown-elf/lib/rv32imafdc/ilp32f\libc.a(lib_a-fputwc.o)
[...]
Memory Configuration

Name             Origin             Length             Attributes
ILM              0x0000000000000000 0x0000000000040000 xw
DLM              0x0000000000080000 0x0000000000040000 w
AXI_SRAM         0x0000000001080000 0x0000000000080000 xw
NONCACHEABLE_RAM 0x0000000001100000 0x0000000000040000 xw
SHARE_RAM        0x000000000117c000 0x0000000000004000 w
AHB_SRAM         0x00000000f0300000 0x0000000000008000 w
APB_SRAM         0x00000000f40f0000 0x0000000000002000 w
*default*        0x0000000000000000 0xffffffffffffffff

Linker script and memory map

LOAD CMakeFiles/Serial.elf.dir/C_/Users/11958/Desktop/Template/arch/riscv/hpm/toolchains/gcc/stdio_weak.c.obj
LOAD CMakeFiles/Serial.elf.dir/C_/Users/11958/Desktop/Template/arch/riscv/hpm/toolchains/gcc/start.S.obj
LOAD CMakeFiles/Serial.elf.dir/C_/Users/11958/Desktop/Template/arch/riscv/l1c/hpm_l1c_drv.c.obj
LOAD CMakeFiles/Serial.elf.dir/C_/Users/11958/Desktop/Template/arch/riscv/hpm/toolchains/reset.c.obj
LOAD CMakeFiles/Serial.elf.dir/C_/Users/11958/Desktop/Template/arch/riscv/hpm/toolchains/initfini.c.obj
LOAD CMakeFiles/Serial.elf.dir/C_/Users/11958/Desktop/Template/arch/riscv/hpm/system.c.obj
LOAD CMakeFiles/Serial.elf.dir/C_/Users/11958/Desktop/Template/arch/riscv/hpm/trap.c.obj
LOAD CMakeFiles/Serial.elf.dir/C_/Users/11958/Desktop/Template/subsys/uart_hal/subsys_uart.c.obj
LOAD CMakeFiles/Serial.elf.dir/C_/Users/11958/Desktop/Template/component/debug/serial_debug.c.obj
LOAD CMakeFiles/Serial.elf.dir/C_/Users/11958/Desktop/Template/drivers/HPM/drivers/src/hpm_pcfg_drv.c.obj
LOAD CMakeFiles/Serial.elf.dir/C_/Users/11958/Desktop/Template/drivers/HPM/drivers/src/hpm_pllctl_drv.c.obj
LOAD CMakeFiles/Serial.elf.dir/C_/Users/11958/Desktop/Template/drivers/HPM/drivers/src/hpm_uart_drv.c.obj
LOAD CMakeFiles/Serial.elf.dir/C_/Users/11958/Desktop/Template/drivers/HPM/HPM6700/HPM6750/hpm_clock_drv.c.obj
LOAD CMakeFiles/Serial.elf.dir/C_/Users/11958/Desktop/Template/drivers/HPM/HPM6700/HPM6750/hpm_sysctl_drv.c.obj
LOAD CMakeFiles/Serial.elf.dir/C_/Users/11958/Desktop/Template/board/HPM6450/board_bsp.c.obj
LOAD CMakeFiles/Serial.elf.dir/C_/Users/11958/Desktop/Template/board/HPM6450/bsp/hpm6450dp_uart12.c.obj
LOAD CMakeFiles/Serial.elf.dir/main.c.obj
LOAD c:/users/11958/desktop/template/tools/riscv/tool-chain/bin/../lib/gcc/riscv32-unknown-elf/11.1.0/../../../../riscv32-unknown-elf/lib/rv32imafdc/ilp32f\libc.a
LOAD c:/users/11958/desktop/template/tools/riscv/tool-chain/bin/../lib/gcc/riscv32-unknown-elf/11.1.0/../../../../riscv32-unknown-elf/lib/rv32imafdc/ilp32f\libm.a
LOAD c:/users/11958/desktop/template/tools/riscv/tool-chain/bin/../lib/gcc/riscv32-unknown-elf/11.1.0/../../../../riscv32-unknown-elf/lib/rv32imafdc/ilp32f\libnosys.a
LOAD c:/users/11958/desktop/template/tools/riscv/tool-chain/bin/../lib/gcc/riscv32-unknown-elf/11.1.0/rv32imafdc/ilp32f\libgcc.a
START GROUP
LOAD c:/users/11958/desktop/template/tools/riscv/tool-chain/bin/../lib/gcc/riscv32-unknown-elf/11.1.0/../../../../riscv32-unknown-elf/lib/rv32imafdc/ilp32f\libc.a
END GROUP
LOAD c:/users/11958/desktop/template/tools/riscv/tool-chain/bin/../lib/gcc/riscv32-unknown-elf/11.1.0/rv32imafdc/ilp32f\libgcc.a
START GROUP
LOAD c:/users/11958/desktop/template/tools/riscv/tool-chain/bin/../lib/gcc/riscv32-unknown-elf/11.1.0/rv32imafdc/ilp32f\libgcc.a
LOAD c:/users/11958/desktop/template/tools/riscv/tool-chain/bin/../lib/gcc/riscv32-unknown-elf/11.1.0/../../../../riscv32-unknown-elf/lib/rv32imafdc/ilp32f\libc.a
LOAD c:/users/11958/desktop/template/tools/riscv/tool-chain/bin/../lib/gcc/riscv32-unknown-elf/11.1.0/../../../../riscv32-unknown-elf/lib/rv32imafdc/ilp32f\libnosys.a
END GROUP
                0x0000000000004000                STACK_SIZE = 0x4000
                0x0000000000004000                HEAP_SIZE = 0x4000

.start          0x0000000000000000       0x68
                0x0000000000000000                . = ALIGN (0x8)
 *(.start)
 .start         0x0000000000000000       0x68 CMakeFiles/Serial.elf.dir/C_/Users/11958/Desktop/Template/arch/riscv/hpm/toolchains/gcc/start.S.obj
                0x0000000000000000                _start
                0x0000000000000066                exit
                0x0000000000000068                . = ALIGN (0x8)
 *fill*         0x0000000000000068        0x0 

.vectors        0x0000000000000200      0x600
                0x0000000000000200                . = ALIGN (0x8)
 *(.isr_vector)
 .isr_vector    0x0000000000000200        0x8 CMakeFiles/Serial.elf.dir/C_/Users/11958/Desktop/Template/arch/riscv/hpm/toolchains/gcc/start.S.obj
                0x0000000000000200                nmi_handler
                0x0000000000000204                default_isr_73
                0x0000000000000204                default_isr_109
                0x0000000000000204                default_isr_17
                0x0000000000000204                default_isr_9
                0x0000000000000204                default_isr_112
                0x0000000000000204                default_isr_61
                0x0000000000000204                default_isr_93
                0x0000000000000204                default_isr_127
                0x0000000000000204                default_isr_35
                0x0000000000000204                default_isr_41
                0x0000000000000204                default_isr_97
                0x0000000000000204                default_isr_66
                0x0000000000000204                default_isr_23
                0x0000000000000204                default_isr_90
                0x0000000000000204                default_isr_124
                0x0000000000000204                default_isr_5
                0x0000000000000204                default_isr_68
                0x0000000000000204                default_isr_25
                0x0000000000000204                default_isr_76
                0x0000000000000204                default_isr_31
                0x0000000000000204                default_isr_96
                0x0000000000000204                default_isr_53
                0x0000000000000204                default_isr_27
                0x0000000000000204                default_isr_117
                0x0000000000000204                default_isr_101
                0x0000000000000204                default_isr_71
                0x0000000000000204                default_isr_3
                0x0000000000000204                default_isr_120
                0x0000000000000204                default_isr_123
                0x0000000000000204                default_isr_38
                0x0000000000000204                default_isr_83
                0x0000000000000204                default_isr_1
                0x0000000000000204                default_isr_63
                0x0000000000000204                default_isr_20
                0x0000000000000204                default_isr_13
                0x0000000000000204                default_isr_125
                0x0000000000000204                default_isr_40
                0x0000000000000204                default_isr_58
                0x0000000000000204                default_isr_113
                0x0000000000000204                default_isr_85
                0x0000000000000204                default_isr_10
                0x0000000000000204                default_isr_55
                0x0000000000000204                default_isr_46
                0x0000000000000204                default_isr_75
                0x0000000000000204                default_isr_30
                0x0000000000000204                default_isr_4
                0x0000000000000204                default_isr_86
                0x0000000000000204                default_isr_48
                0x0000000000000204                default_isr_78
                0x0000000000000204                default_isr_33
                0x0000000000000204                default_isr_100
                0x0000000000000204                default_isr_16
                0x0000000000000204                default_isr_105
                0x0000000000000204                default_isr_99
                0x0000000000000204                default_isr_28
                0x0000000000000204                default_isr_62
                0x0000000000000204                default_isr_91
                0x0000000000000204                default_isr_121
                0x0000000000000204                default_isr_98
                0x0000000000000204                default_isr_52
                0x0000000000000204                default_isr_50
                0x0000000000000204                default_isr_69
                0x0000000000000204                default_isr_26
                0x0000000000000204                default_isr_108
                0x0000000000000204                default_isr_88
                0x0000000000000204                default_isr_118
                0x0000000000000204                default_isr_81
                0x0000000000000204                default_isr_77
                0x0000000000000204                default_isr_32
                0x0000000000000204                default_isr_70
                0x0000000000000204                default_isr_43
                0x0000000000000204                default_isr_11
                0x0000000000000204                default_isr_110
                0x0000000000000204                default_isr_56
                0x0000000000000204                default_isr_8
                0x0000000000000204                default_irq_handler
                0x0000000000000204                default_isr_116
                0x0000000000000204                default_isr_119
                0x0000000000000204                default_isr_60
                0x0000000000000204                default_isr_107
                0x0000000000000204                default_isr_49
                0x0000000000000204                default_isr_111
                0x0000000000000204                default_isr_84
                0x0000000000000204                default_isr_106
                0x0000000000000204                default_isr_72
                0x0000000000000204                default_isr_103
                0x0000000000000204                default_isr_2
                0x0000000000000204                default_isr_74
                0x0000000000000204                default_isr_47
                0x0000000000000204                default_isr_6
                0x0000000000000204                default_isr_122
                0x0000000000000204                default_isr_115
                0x0000000000000204                default_isr_18
                0x0000000000000204                default_isr_87
                0x0000000000000204                default_isr_65
                0x0000000000000204                default_isr_22
                0x0000000000000204                default_isr_42
                0x0000000000000204                default_isr_94
                0x0000000000000204                default_isr_79
                0x0000000000000204                default_isr_34
                0x0000000000000204                default_isr_36
                0x0000000000000204                default_isr_67
                0x0000000000000204                default_isr_24
                0x0000000000000204                default_isr_95
                0x0000000000000204                default_isr_19
                0x0000000000000204                default_isr_29
                0x0000000000000204                default_isr_114
                0x0000000000000204                default_isr_15
                0x0000000000000204                default_isr_51
                0x0000000000000204                default_isr_92
                0x0000000000000204                default_isr_126
                0x0000000000000204                default_isr_80
                0x0000000000000204                default_isr_37
                0x0000000000000204                default_isr_102
                0x0000000000000204                default_isr_39
                0x0000000000000204                default_isr_82
                0x0000000000000204                default_isr_89
                0x0000000000000204                default_isr_7
                0x0000000000000204                default_isr_12
                0x0000000000000204                default_isr_44
                0x0000000000000204                default_isr_57
                0x0000000000000204                default_isr_64
                0x0000000000000204                default_isr_21
                0x0000000000000204                default_isr_14
                0x0000000000000204                default_isr_59
                0x0000000000000204                default_isr_54
                0x0000000000000204                default_isr_45
                0x0000000000000204                default_isr_104
 .isr_vector    0x0000000000000208      0x254 CMakeFiles/Serial.elf.dir/C_/Users/11958/Desktop/Template/arch/riscv/hpm/trap.c.obj
                0x0000000000000208                irq_handler_trap
 *(.isr_vector.*)
 *(.vector_table)
 *fill*         0x000000000000045c      0x1a4 
 .vector_table  0x0000000000000600      0x200 CMakeFiles/Serial.elf.dir/C_/Users/11958/Desktop/Template/arch/riscv/hpm/toolchains/gcc/start.S.obj
                0x0000000000000600                __vector_table
                0x0000000000000800                . = ALIGN (0x8)

.rel            0x0000000000000800        0x0
 *(.rel*)
 .rela.start    0x0000000000000800        0x0 CMakeFiles/Serial.elf.dir/C_/Users/11958/Desktop/Template/arch/riscv/hpm/toolchains/gcc/start.S.obj
 .rela.vector_table
                0x0000000000000800        0x0 CMakeFiles/Serial.elf.dir/C_/Users/11958/Desktop/Template/arch/riscv/hpm/toolchains/gcc/start.S.obj
 .rela.text.c_startup
                0x0000000000000800        0x0 CMakeFiles/Serial.elf.dir/C_/Users/11958/Desktop/Template/arch/riscv/hpm/toolchains/gcc/start.S.obj
 .rela.text.__libc_init_array
                0x0000000000000800        0x0 CMakeFiles/Serial.elf.dir/C_/Users/11958/Desktop/Template/arch/riscv/hpm/toolchains/gcc/start.S.obj
 .rela.isr_vector
                0x0000000000000800        0x0 CMakeFiles/Serial.elf.dir/C_/Users/11958/Desktop/Template/arch/riscv/hpm/toolchains/gcc/start.S.obj

.text           0x0000000000000800     0xe748
                0x0000000000000800                . = ALIGN (0x8)
 *(.text)
 .text          0x0000000000000800      0x11e c:/users/11958/desktop/template/tools/riscv/tool-chain/bin/../lib/gcc/riscv32-unknown-elf/11.1.0/../../../../riscv32-unknown-elf/lib/rv32imafdc/ilp32f\libc.a(lib_a-strcmp.o)
                0x0000000000000800                strcmp
 .text          0x000000000000091e       0xa8 c:/users/11958/desktop/template/tools/riscv/tool-chain/bin/../lib/gcc/riscv32-unknown-elf/11.1.0/../../../../riscv32-unknown-elf/lib/rv32imafdc/ilp32f\libc.a(lib_a-memset.o)
                0x000000000000091e                memset
 .text          0x00000000000009c6      0x35a c:/users/11958/desktop/template/tools/riscv/tool-chain/bin/../lib/gcc/riscv32-unknown-elf/11.1.0/rv32imafdc/ilp32f\libgcc.a(_udivdi3.o)
                0x00000000000009c6                __udivdi3
 .text          0x0000000000000d20       0xea c:/users/11958/desktop/template/tools/riscv/tool-chain/bin/../lib/gcc/riscv32-unknown-elf/11.1.0/rv32imafdc/ilp32f\libgcc.a(eqtf2.o)
                0x0000000000000d20                __netf2
                0x0000000000000d20                __eqtf2
 .text          0x0000000000000e0a       0xfc c:/users/11958/desktop/template/tools/riscv/tool-chain/bin/../lib/gcc/riscv32-unknown-elf/11.1.0/rv32imafdc/ilp32f\libgcc.a(getf2.o)
                0x0000000000000e0a                __gttf2
                0x0000000000000e0a                __getf2
 .text          0x0000000000000f06       0xfc c:/users/11958/desktop/template/tools/riscv/tool-chain/bin/../lib/gcc/riscv32-unknown-elf/11.1.0/rv32imafdc/ilp32f\libgcc.a(letf2.o)
                0x0000000000000f06                __lttf2
                0x0000000000000f06                __letf2
 .text          0x0000000000001002      0xce6 c:/users/11958/desktop/template/tools/riscv/tool-chain/bin/../lib/gcc/riscv32-unknown-elf/11.1.0/rv32imafdc/ilp32f\libgcc.a(multf3.o)
                0x0000000000001002                __multf3
 .text          0x0000000000001ce8     0x116e c:/users/11958/desktop/template/tools/riscv/tool-chain/bin/../lib/gcc/riscv32-unknown-elf/11.1.0/rv32imafdc/ilp32f\libgcc.a(subtf3.o)
                0x0000000000001ce8                __subtf3
 .text          0x0000000000002e56      0x12e c:/users/11958/desktop/template/tools/riscv/tool-chain/bin/../lib/gcc/riscv32-unknown-elf/11.1.0/rv32imafdc/ilp32f\libgcc.a(fixtfsi.o)
                0x0000000000002e56                __fixtfsi
 .text          0x0000000000002f84       0xd4 c:/users/11958/desktop/template/tools/riscv/tool-chain/bin/../lib/gcc/riscv32-unknown-elf/11.1.0/rv32imafdc/ilp32f\libgcc.a(floatsitf.o)
                0x0000000000002f84                __floatsitf
 .text          0x0000000000003058      0x17a c:/users/11958/desktop/template/tools/riscv/tool-chain/bin/../lib/gcc/riscv32-unknown-elf/11.1.0/rv32imafdc/ilp32f\libgcc.a(extenddftf2.o)
                0x0000000000003058                __extenddftf2
 .text          0x00000000000031d2      0x37e c:/users/11958/desktop/template/tools/riscv/tool-chain/bin/../lib/gcc/riscv32-unknown-elf/11.1.0/rv32imafdc/ilp32f\libgcc.a(trunctfdf2.o)
                0x00000000000031d2                __trunctfdf2
 .text          0x0000000000003550       0x3a c:/users/11958/desktop/template/tools/riscv/tool-chain/bin/../lib/gcc/riscv32-unknown-elf/11.1.0/rv32imafdc/ilp32f\libgcc.a(_clzsi2.o)
                0x0000000000003550                __clzsi2
 *(.text*)
 .text._read    0x000000000000358a       0x1c CMakeFiles/Serial.elf.dir/C_/Users/11958/Desktop/Template/arch/riscv/hpm/toolchains/gcc/stdio_weak.c.obj
                0x000000000000358a                _read
 .text._close   0x00000000000035a6       0x14 CMakeFiles/Serial.elf.dir/C_/Users/11958/Desktop/Template/arch/riscv/hpm/toolchains/gcc/stdio_weak.c.obj
                0x00000000000035a6                _close
 .text._fstat   0x00000000000035ba       0x18 CMakeFiles/Serial.elf.dir/C_/Users/11958/Desktop/Template/arch/riscv/hpm/toolchains/gcc/stdio_weak.c.obj
                0x00000000000035ba                _fstat
 .text._isatty  0x00000000000035d2       0x14 CMakeFiles/Serial.elf.dir/C_/Users/11958/Desktop/Template/arch/riscv/hpm/toolchains/gcc/stdio_weak.c.obj
                0x00000000000035d2                _isatty
 .text._lseek   0x00000000000035e6       0x1c CMakeFiles/Serial.elf.dir/C_/Users/11958/Desktop/Template/arch/riscv/hpm/toolchains/gcc/stdio_weak.c.obj
                0x00000000000035e6                _lseek
 .text._sbrk    0x0000000000003602       0x14 CMakeFiles/Serial.elf.dir/C_/Users/11958/Desktop/Template/arch/riscv/hpm/toolchains/gcc/stdio_weak.c.obj
                0x0000000000003602                _sbrk
 .text._getpid  0x0000000000003616       0x10 CMakeFiles/Serial.elf.dir/C_/Users/11958/Desktop/Template/arch/riscv/hpm/toolchains/gcc/stdio_weak.c.obj
                0x0000000000003616                _getpid
 .text._kill    0x0000000000003626       0x18 CMakeFiles/Serial.elf.dir/C_/Users/11958/Desktop/Template/arch/riscv/hpm/toolchains/gcc/stdio_weak.c.obj
                0x0000000000003626                _kill
 .text._exit    0x000000000000363e       0x12 CMakeFiles/Serial.elf.dir/C_/Users/11958/Desktop/Template/arch/riscv/hpm/toolchains/gcc/stdio_weak.c.obj
                0x000000000000363e                _exit
 .text.l1c_dc_enable
                0x0000000000003650       0x3e CMakeFiles/Serial.elf.dir/C_/Users/11958/Desktop/Template/arch/riscv/l1c/hpm_l1c_drv.c.obj
                0x0000000000003650                l1c_dc_enable
 .text.l1c_ic_enable
                0x000000000000368e       0x38 CMakeFiles/Serial.elf.dir/C_/Users/11958/Desktop/Template/arch/riscv/l1c/hpm_l1c_drv.c.obj
                0x000000000000368e                l1c_ic_enable
 .text.l1c_dc_invalidate_all
                0x00000000000036c6       0x1e CMakeFiles/Serial.elf.dir/C_/Users/11958/Desktop/Template/arch/riscv/l1c/hpm_l1c_drv.c.obj
                0x00000000000036c6                l1c_dc_invalidate_all
 .text.l1c_dc_enable_writearound
                0x00000000000036e4       0x14 CMakeFiles/Serial.elf.dir/C_/Users/11958/Desktop/Template/arch/riscv/l1c/hpm_l1c_drv.c.obj
                0x00000000000036e4                l1c_dc_enable_writearound
 .text._clean_up
                0x00000000000036f8       0xf6 CMakeFiles/Serial.elf.dir/C_/Users/11958/Desktop/Template/arch/riscv/hpm/toolchains/reset.c.obj
                0x00000000000036f8                _clean_up
 .text.c_startup
                0x00000000000037ee      0x26e CMakeFiles/Serial.elf.dir/C_/Users/11958/Desktop/Template/arch/riscv/hpm/toolchains/reset.c.obj
                0x00000000000037ee                c_startup
 .text.reset_handler
                0x0000000000003a5c       0x18 CMakeFiles/Serial.elf.dir/C_/Users/11958/Desktop/Template/arch/riscv/hpm/toolchains/reset.c.obj
                0x0000000000003a5c                reset_handler
 .text._init    0x0000000000003a74        0xe CMakeFiles/Serial.elf.dir/C_/Users/11958/Desktop/Template/arch/riscv/hpm/toolchains/reset.c.obj
                0x0000000000003a74                _init
 .text.__libc_init_array
                0x0000000000003a82       0x90 CMakeFiles/Serial.elf.dir/C_/Users/11958/Desktop/Template/arch/riscv/hpm/toolchains/initfini.c.obj
                0x0000000000003a82                __libc_init_array
 .text.enable_plic_feature
                0x0000000000003b12       0x46 CMakeFiles/Serial.elf.dir/C_/Users/11958/Desktop/Template/arch/riscv/hpm/system.c.obj
                0x0000000000003b12                enable_plic_feature
 .text.system_init
                0x0000000000003b58       0x74 CMakeFiles/Serial.elf.dir/C_/Users/11958/Desktop/Template/arch/riscv/hpm/system.c.obj
                0x0000000000003b58                system_init
 .text.mchtmr_isr
                0x0000000000003bcc        0xe CMakeFiles/Serial.elf.dir/C_/Users/11958/Desktop/Template/arch/riscv/hpm/trap.c.obj
                0x0000000000003bcc                mchtmr_isr
 .text.swi_isr  0x0000000000003bda        0xe CMakeFiles/Serial.elf.dir/C_/Users/11958/Desktop/Template/arch/riscv/hpm/trap.c.obj
                0x0000000000003bda                swi_isr
 .text.syscall_handler
                0x0000000000003be8       0x22 CMakeFiles/Serial.elf.dir/C_/Users/11958/Desktop/Template/arch/riscv/hpm/trap.c.obj
                0x0000000000003be8                syscall_handler
 .text.exception_handler
                0x0000000000003c0a       0x3a CMakeFiles/Serial.elf.dir/C_/Users/11958/Desktop/Template/arch/riscv/hpm/trap.c.obj
                0x0000000000003c0a                exception_handler
 .text.uart_dev_register
                0x0000000000003c44       0x46 CMakeFiles/Serial.elf.dir/C_/Users/11958/Desktop/Template/subsys/uart_hal/subsys_uart.c.obj
                0x0000000000003c44                uart_dev_register
 .text.uart_ops_get_by_name
                0x0000000000003c8a       0x70 CMakeFiles/Serial.elf.dir/C_/Users/11958/Desktop/Template/subsys/uart_hal/subsys_uart.c.obj
                0x0000000000003c8a                uart_ops_get_by_name
 .text.init_debug_serial
                0x0000000000003cfa       0x70 CMakeFiles/Serial.elf.dir/C_/Users/11958/Desktop/Template/component/debug/serial_debug.c.obj
                0x0000000000003cfa                init_debug_serial
 .text._write   0x0000000000003d6a       0x40 CMakeFiles/Serial.elf.dir/C_/Users/11958/Desktop/Template/component/debug/serial_debug.c.obj
                0x0000000000003d6a                _write
 .text.pcfg_dcdc_set_voltage
                0x0000000000003daa       0x58 CMakeFiles/Serial.elf.dir/C_/Users/11958/Desktop/Template/drivers/HPM/drivers/src/hpm_pcfg_drv.c.obj
                0x0000000000003daa                pcfg_dcdc_set_voltage
 .text.pllctl_pll_powerdown
                0x0000000000003e02       0x58 CMakeFiles/Serial.elf.dir/C_/Users/11958/Desktop/Template/drivers/HPM/drivers/src/hpm_pllctl_drv.c.obj
 .text.pllctl_pll_poweron
                0x0000000000003e5a       0xcc CMakeFiles/Serial.elf.dir/C_/Users/11958/Desktop/Template/drivers/HPM/drivers/src/hpm_pllctl_drv.c.obj
 .text.pllctl_pll_is_enabled
                0x0000000000003f26       0x36 CMakeFiles/Serial.elf.dir/C_/Users/11958/Desktop/Template/drivers/HPM/drivers/src/hpm_pllctl_drv.c.obj
 .text.pllctl_pll_is_locked
                0x0000000000003f5c       0x32 CMakeFiles/Serial.elf.dir/C_/Users/11958/Desktop/Template/drivers/HPM/drivers/src/hpm_pllctl_drv.c.obj
 .text.pllctl_init_int_pll_with_freq
                0x0000000000003f8e      0x2d8 CMakeFiles/Serial.elf.dir/C_/Users/11958/Desktop/Template/drivers/HPM/drivers/src/hpm_pllctl_drv.c.obj
                0x0000000000003f8e                pllctl_init_int_pll_with_freq
 .text.pllctl_get_pll_freq_in_hz
                0x0000000000004266      0x14e CMakeFiles/Serial.elf.dir/C_/Users/11958/Desktop/Template/drivers/HPM/drivers/src/hpm_pllctl_drv.c.obj
                0x0000000000004266                pllctl_get_pll_freq_in_hz
 .text.uart_modem_config
                0x00000000000043b4       0x4e CMakeFiles/Serial.elf.dir/C_/Users/11958/Desktop/Template/drivers/HPM/drivers/src/hpm_uart_drv.c.obj
 .text.uart_default_config
                0x0000000000004402       0x76 CMakeFiles/Serial.elf.dir/C_/Users/11958/Desktop/Template/drivers/HPM/drivers/src/hpm_uart_drv.c.obj
                0x0000000000004402                uart_default_config
 .text.uart_calculate_baudrate
                0x0000000000004478      0x2de CMakeFiles/Serial.elf.dir/C_/Users/11958/Desktop/Template/drivers/HPM/drivers/src/hpm_uart_drv.c.obj
 .text.uart_init
                0x0000000000004756      0x1e4 CMakeFiles/Serial.elf.dir/C_/Users/11958/Desktop/Template/drivers/HPM/drivers/src/hpm_uart_drv.c.obj
                0x0000000000004756                uart_init
 .text.uart_send_byte
                0x000000000000493a       0x64 CMakeFiles/Serial.elf.dir/C_/Users/11958/Desktop/Template/drivers/HPM/drivers/src/hpm_uart_drv.c.obj
                0x000000000000493a                uart_send_byte
 .text.pllctl_get_div
                0x000000000000499e       0x76 CMakeFiles/Serial.elf.dir/C_/Users/11958/Desktop/Template/drivers/HPM/HPM6700/HPM6750/hpm_clock_drv.c.obj
 .text.clock_get_frequency
                0x0000000000004a14       0xee CMakeFiles/Serial.elf.dir/C_/Users/11958/Desktop/Template/drivers/HPM/HPM6700/HPM6750/hpm_clock_drv.c.obj
                0x0000000000004a14                clock_get_frequency
 .text.get_frequency_for_source
                0x0000000000004b02      0x126 CMakeFiles/Serial.elf.dir/C_/Users/11958/Desktop/Template/drivers/HPM/HPM6700/HPM6750/hpm_clock_drv.c.obj
                0x0000000000004b02                get_frequency_for_source
 .text.get_frequency_for_ip_in_common_group
                0x0000000000004c28       0x88 CMakeFiles/Serial.elf.dir/C_/Users/11958/Desktop/Template/drivers/HPM/HPM6700/HPM6750/hpm_clock_drv.c.obj
 .text.get_frequency_for_i2s_or_adc
                0x0000000000004cb0       0xfe CMakeFiles/Serial.elf.dir/C_/Users/11958/Desktop/Template/drivers/HPM/HPM6700/HPM6750/hpm_clock_drv.c.obj
 .text.get_frequency_for_wdg
                0x0000000000004dae       0x40 CMakeFiles/Serial.elf.dir/C_/Users/11958/Desktop/Template/drivers/HPM/HPM6700/HPM6750/hpm_clock_drv.c.obj
 .text.get_frequency_for_pwdg
                0x0000000000004dee       0x30 CMakeFiles/Serial.elf.dir/C_/Users/11958/Desktop/Template/drivers/HPM/HPM6700/HPM6750/hpm_clock_drv.c.obj
 .text.clock_set_source_divider
                0x0000000000004e1e      0x106 CMakeFiles/Serial.elf.dir/C_/Users/11958/Desktop/Template/drivers/HPM/HPM6700/HPM6750/hpm_clock_drv.c.obj
                0x0000000000004e1e                clock_set_source_divider
 .text.clock_add_to_group
                0x0000000000004f24       0x46 CMakeFiles/Serial.elf.dir/C_/Users/11958/Desktop/Template/drivers/HPM/HPM6700/HPM6750/hpm_clock_drv.c.obj
                0x0000000000004f24                clock_add_to_group
 .text.clock_connect_group_to_cpu
                0x0000000000004f6a       0x3c CMakeFiles/Serial.elf.dir/C_/Users/11958/Desktop/Template/drivers/HPM/HPM6700/HPM6750/hpm_clock_drv.c.obj
                0x0000000000004f6a                clock_connect_group_to_cpu
 .text.clock_update_core_clock
                0x0000000000004fa6       0x46 CMakeFiles/Serial.elf.dir/C_/Users/11958/Desktop/Template/drivers/HPM/HPM6700/HPM6750/hpm_clock_drv.c.obj
                0x0000000000004fa6                clock_update_core_clock
 .text.sysctl_resource_target_is_busy
                0x0000000000004fec       0x32 CMakeFiles/Serial.elf.dir/C_/Users/11958/Desktop/Template/drivers/HPM/HPM6700/HPM6750/hpm_sysctl_drv.c.obj
 .text.sysctl_clock_target_is_busy
                0x000000000000501e       0x36 CMakeFiles/Serial.elf.dir/C_/Users/11958/Desktop/Template/drivers/HPM/HPM6700/HPM6750/hpm_sysctl_drv.c.obj
 .text.sysctl_enable_group_resource
                0x0000000000005054      0x12e CMakeFiles/Serial.elf.dir/C_/Users/11958/Desktop/Template/drivers/HPM/HPM6700/HPM6750/hpm_sysctl_drv.c.obj
                0x0000000000005054                sysctl_enable_group_resource
 .text.sysctl_config_clock
                0x0000000000005182       0xaa CMakeFiles/Serial.elf.dir/C_/Users/11958/Desktop/Template/drivers/HPM/HPM6700/HPM6750/hpm_sysctl_drv.c.obj
                0x0000000000005182                sysctl_config_clock
 .text.sysctl_clock_set_preset
                0x000000000000522c       0x36 CMakeFiles/Serial.elf.dir/C_/Users/11958/Desktop/Template/board/HPM6450/board_bsp.c.obj
 .text.pllctl_xtal_set_rampup_time
                0x0000000000005262       0x36 CMakeFiles/Serial.elf.dir/C_/Users/11958/Desktop/Template/board/HPM6450/board_bsp.c.obj
 .text.pcfg_dcdc_switch_to_dcm_mode
                0x0000000000005298       0xfe CMakeFiles/Serial.elf.dir/C_/Users/11958/Desktop/Template/board/HPM6450/board_bsp.c.obj
 .text.board_init_clock
                0x0000000000005396      0x1e2 CMakeFiles/Serial.elf.dir/C_/Users/11958/Desktop/Template/board/HPM6450/board_bsp.c.obj
                0x0000000000005396                board_init_clock
 .text.board_bsp_devs_register
                0x0000000000005578       0x14 CMakeFiles/Serial.elf.dir/C_/Users/11958/Desktop/Template/board/HPM6450/board_bsp.c.obj
                0x0000000000005578                board_bsp_devs_register
 .text.board_init
                0x000000000000558c       0x16 CMakeFiles/Serial.elf.dir/C_/Users/11958/Desktop/Template/board/HPM6450/board_bsp.c.obj
                0x000000000000558c                board_init
 .text.Uart12_Init
                0x00000000000055a2       0xb6 CMakeFiles/Serial.elf.dir/C_/Users/11958/Desktop/Template/board/HPM6450/bsp/hpm6450dp_uart12.c.obj
                0x00000000000055a2                Uart12_Init
 .text.Uart12_Write
                0x0000000000005658       0x5c CMakeFiles/Serial.elf.dir/C_/Users/11958/Desktop/Template/board/HPM6450/bsp/hpm6450dp_uart12.c.obj
                0x0000000000005658                Uart12_Write
 .text.Uart12_Read
                0x00000000000056b4       0x1a CMakeFiles/Serial.elf.dir/C_/Users/11958/Desktop/Template/board/HPM6450/bsp/hpm6450dp_uart12.c.obj
                0x00000000000056b4                Uart12_Read
 .text.uart12_dev_register
                0x00000000000056ce       0x1e CMakeFiles/Serial.elf.dir/C_/Users/11958/Desktop/Template/board/HPM6450/bsp/hpm6450dp_uart12.c.obj
                0x00000000000056ce                uart12_dev_register
 .text.main     0x00000000000056ec       0x6c CMakeFiles/Serial.elf.dir/main.c.obj
                0x00000000000056ec                main
 .text.__assert_func
                0x0000000000005758       0x3a c:/users/11958/desktop/template/tools/riscv/tool-chain/bin/../lib/gcc/riscv32-unknown-elf/11.1.0/../../../../riscv32-unknown-elf/lib/rv32imafdc/ilp32f\libc.a(lib_a-assert.o)
                0x0000000000005758                __assert_func
 .text.fiprintf
                0x0000000000005792       0x2a c:/users/11958/desktop/template/tools/riscv/tool-chain/bin/../lib/gcc/riscv32-unknown-elf/11.1.0/../../../../riscv32-unknown-elf/lib/rv32imafdc/ilp32f\libc.a(lib_a-fiprintf.o)
                0x0000000000005792                fiprintf
 .text.printf   0x00000000000057bc       0x2c c:/users/11958/desktop/template/tools/riscv/tool-chain/bin/../lib/gcc/riscv32-unknown-elf/11.1.0/../../../../riscv32-unknown-elf/lib/rv32imafdc/ilp32f\libc.a(lib_a-printf.o)
                0x00000000000057bc                printf
 .text._puts_r  0x00000000000057e8       0x7c c:/users/11958/desktop/template/tools/riscv/tool-chain/bin/../lib/gcc/riscv32-unknown-elf/11.1.0/../../../../riscv32-unknown-elf/lib/rv32imafdc/ilp32f\libc.a(lib_a-puts.o)
                0x00000000000057e8                _puts_r
 .text.puts     0x0000000000005864        0x8 c:/users/11958/desktop/template/tools/riscv/tool-chain/bin/../lib/gcc/riscv32-unknown-elf/11.1.0/../../../../riscv32-unknown-elf/lib/rv32imafdc/ilp32f\libc.a(lib_a-puts.o)
                0x0000000000005864                puts
 .text.strlen   0x000000000000586c       0x64 c:/users/11958/desktop/template/tools/riscv/tool-chain/bin/../lib/gcc/riscv32-unknown-elf/11.1.0/../../../../riscv32-unknown-elf/lib/rv32imafdc/ilp32f\libc.a(lib_a-strlen.o)
                0x000000000000586c                strlen
 .text.__sprint_r.part.0
                0x00000000000058d0       0x98 c:/users/11958/desktop/template/tools/riscv/tool-chain/bin/../lib/gcc/riscv32-unknown-elf/11.1.0/../../../../riscv32-unknown-elf/lib/rv32imafdc/ilp32f\libc.a(lib_a-vfiprintf.o)
 .text.__sprint_r
                0x0000000000005968        0xe c:/users/11958/desktop/template/tools/riscv/tool-chain/bin/../lib/gcc/riscv32-unknown-elf/11.1.0/../../../../riscv32-unknown-elf/lib/rv32imafdc/ilp32f\libc.a(lib_a-vfiprintf.o)
                0x0000000000005968                __sprint_r
 .text._vfiprintf_r
                0x0000000000005976      0xd3c c:/users/11958/desktop/template/tools/riscv/tool-chain/bin/../lib/gcc/riscv32-unknown-elf/11.1.0/../../../../riscv32-unknown-elf/lib/rv32imafdc/ilp32f\libc.a(lib_a-vfiprintf.o)
                0x0000000000005976                _vfiprintf_r
 .text.__sbprintf
                0x00000000000066b2       0x94 c:/users/11958/desktop/template/tools/riscv/tool-chain/bin/../lib/gcc/riscv32-unknown-elf/11.1.0/../../../../riscv32-unknown-elf/lib/rv32imafdc/ilp32f\libc.a(lib_a-vfiprintf.o)
 .text._vfprintf_r
                0x0000000000006746     0x1c68 c:/users/11958/desktop/template/tools/riscv/tool-chain/bin/../lib/gcc/riscv32-unknown-elf/11.1.0/../../../../riscv32-unknown-elf/lib/rv32imafdc/ilp32f\libc.a(lib_a-vfprintf.o)
                0x0000000000006746                _vfprintf_r
 .text.__sbprintf
                0x00000000000083ae       0x92 c:/users/11958/desktop/template/tools/riscv/tool-chain/bin/../lib/gcc/riscv32-unknown-elf/11.1.0/../../../../riscv32-unknown-elf/lib/rv32imafdc/ilp32f\libc.a(lib_a-vfprintf.o)
 .text.__swsetup_r
                0x0000000000008440       0xf4 c:/users/11958/desktop/template/tools/riscv/tool-chain/bin/../lib/gcc/riscv32-unknown-elf/11.1.0/../../../../riscv32-unknown-elf/lib/rv32imafdc/ilp32f\libc.a(lib_a-wsetup.o)
                0x0000000000008440                __swsetup_r
 .text.abort    0x0000000000008534       0x10 c:/users/11958/desktop/template/tools/riscv/tool-chain/bin/../lib/gcc/riscv32-unknown-elf/11.1.0/../../../../riscv32-unknown-elf/lib/rv32imafdc/ilp32f\libc.a(lib_a-abort.o)
                0x0000000000008534                abort
 .text.__sflush_r
                0x0000000000008544      0x194 c:/users/11958/desktop/template/tools/riscv/tool-chain/bin/../lib/gcc/riscv32-unknown-elf/11.1.0/../../../../riscv32-unknown-elf/lib/rv32imafdc/ilp32f\libc.a(lib_a-fflush.o)
                0x0000000000008544                __sflush_r
 .text._fflush_r
                0x00000000000086d8       0x34 c:/users/11958/desktop/template/tools/riscv/tool-chain/bin/../lib/gcc/riscv32-unknown-elf/11.1.0/../../../../riscv32-unknown-elf/lib/rv32imafdc/ilp32f\libc.a(lib_a-fflush.o)
                0x00000000000086d8                _fflush_r
 .text._cleanup_r
                0x000000000000870c        0xa c:/users/11958/desktop/template/tools/riscv/tool-chain/bin/../lib/gcc/riscv32-unknown-elf/11.1.0/../../../../riscv32-unknown-elf/lib/rv32imafdc/ilp32f\libc.a(lib_a-findfp.o)
                0x000000000000870c                _cleanup_r
 .text.__sinit.part.0
                0x0000000000008716      0x12a c:/users/11958/desktop/template/tools/riscv/tool-chain/bin/../lib/gcc/riscv32-unknown-elf/11.1.0/../../../../riscv32-unknown-elf/lib/rv32imafdc/ilp32f\libc.a(lib_a-findfp.o)
 .text.__sinit  0x0000000000008840        0x8 c:/users/11958/desktop/template/tools/riscv/tool-chain/bin/../lib/gcc/riscv32-unknown-elf/11.1.0/../../../../riscv32-unknown-elf/lib/rv32imafdc/ilp32f\libc.a(lib_a-findfp.o)
                0x0000000000008840                __sinit
 .text.__sfp_lock_acquire
                0x0000000000008848        0x2 c:/users/11958/desktop/template/tools/riscv/tool-chain/bin/../lib/gcc/riscv32-unknown-elf/11.1.0/../../../../riscv32-unknown-elf/lib/rv32imafdc/ilp32f\libc.a(lib_a-findfp.o)
                0x0000000000008848                __sfp_lock_acquire
 .text.__sfp_lock_release
                0x000000000000884a        0x2 c:/users/11958/desktop/template/tools/riscv/tool-chain/bin/../lib/gcc/riscv32-unknown-elf/11.1.0/../../../../riscv32-unknown-elf/lib/rv32imafdc/ilp32f\libc.a(lib_a-findfp.o)
                0x000000000000884a                __sfp_lock_release
 .text.__fputwc
                0x000000000000884c       0xc4 c:/users/11958/desktop/template/tools/riscv/tool-chain/bin/../lib/gcc/riscv32-unknown-elf/11.1.0/../../../../riscv32-unknown-elf/lib/rv32imafdc/ilp32f\libc.a(lib_a-fputwc.o)
                0x000000000000884c                __fputwc
 .text._fputwc_r
                0x0000000000008910       0x1e c:/users/11958/desktop/template/tools/riscv/tool-chain/bin/../lib/gcc/riscv32-unknown-elf/11.1.0/../../../../riscv32-unknown-elf/lib/rv32imafdc/ilp32f\libc.a(lib_a-fputwc.o)
                0x0000000000008910                _fputwc_r
 .text._malloc_trim_r
                0x000000000000892e       0xc8 c:/users/11958/desktop/template/tools/riscv/tool-chain/bin/../lib/gcc/riscv32-unknown-elf/11.1.0/../../../../riscv32-unknown-elf/lib/rv32imafdc/ilp32f\libc.a(lib_a-freer.o)
                0x000000000000892e                _malloc_trim_r
 .text._free_r  0x00000000000089f6      0x22e c:/users/11958/desktop/template/tools/riscv/tool-chain/bin/../lib/gcc/riscv32-unknown-elf/11.1.0/../../../../riscv32-unknown-elf/lib/rv32imafdc/ilp32f\libc.a(lib_a-freer.o)
                0x00000000000089f6                _free_r
 .text.__sfvwrite_r
                0x0000000000008c24      0x32e c:/users/11958/desktop/template/tools/riscv/tool-chain/bin/../lib/gcc/riscv32-unknown-elf/11.1.0/../../../../riscv32-unknown-elf/lib/rv32imafdc/ilp32f\libc.a(lib_a-fvwrite.o)
                0x0000000000008c24                __sfvwrite_r
 .text._fwalk_reent
                0x0000000000008f52       0x74 c:/users/11958/desktop/template/tools/riscv/tool-chain/bin/../lib/gcc/riscv32-unknown-elf/11.1.0/../../../../riscv32-unknown-elf/lib/rv32imafdc/ilp32f\libc.a(lib_a-fwalk.o)
                0x0000000000008f52                _fwalk_reent
 .text.eshdn1   0x0000000000008fc6       0x48 c:/users/11958/desktop/template/tools/riscv/tool-chain/bin/../lib/gcc/riscv32-unknown-elf/11.1.0/../../../../riscv32-unknown-elf/lib/rv32imafdc/ilp32f\libc.a(lib_a-ldtoa.o)
 .text.eshup1   0x000000000000900e       0x4e c:/users/11958/desktop/template/tools/riscv/tool-chain/bin/../lib/gcc/riscv32-unknown-elf/11.1.0/../../../../riscv32-unknown-elf/lib/rv32imafdc/ilp32f\libc.a(lib_a-ldtoa.o)
 .text.m16m     0x000000000000905c       0x68 c:/users/11958/desktop/template/tools/riscv/tool-chain/bin/../lib/gcc/riscv32-unknown-elf/11.1.0/../../../../riscv32-unknown-elf/lib/rv32imafdc/ilp32f\libc.a(lib_a-ldtoa.o)
 .text.emovo.constprop.0
                0x00000000000090c4       0x8c c:/users/11958/desktop/template/tools/riscv/tool-chain/bin/../lib/gcc/riscv32-unknown-elf/11.1.0/../../../../riscv32-unknown-elf/lib/rv32imafdc/ilp32f\libc.a(lib_a-ldtoa.o)
 .text.enormlz  0x0000000000009150      0x110 c:/users/11958/desktop/template/tools/riscv/tool-chain/bin/../lib/gcc/riscv32-unknown-elf/11.1.0/../../../../riscv32-unknown-elf/lib/rv32imafdc/ilp32f\libc.a(lib_a-ldtoa.o)
 .text.eshift.part.0
                0x0000000000009260      0x14c c:/users/11958/desktop/template/tools/riscv/tool-chain/bin/../lib/gcc/riscv32-unknown-elf/11.1.0/../../../../riscv32-unknown-elf/lib/rv32imafdc/ilp32f\libc.a(lib_a-ldtoa.o)
 .text.emovi    0x00000000000093ac       0x8e c:/users/11958/desktop/template/tools/riscv/tool-chain/bin/../lib/gcc/riscv32-unknown-elf/11.1.0/../../../../riscv32-unknown-elf/lib/rv32imafdc/ilp32f\libc.a(lib_a-ldtoa.o)
 .text.ecmp     0x000000000000943a       0xe0 c:/users/11958/desktop/template/tools/riscv/tool-chain/bin/../lib/gcc/riscv32-unknown-elf/11.1.0/../../../../riscv32-unknown-elf/lib/rv32imafdc/ilp32f\libc.a(lib_a-ldtoa.o)
 .text.emdnorm  0x000000000000951a      0x2f6 c:/users/11958/desktop/template/tools/riscv/tool-chain/bin/../lib/gcc/riscv32-unknown-elf/11.1.0/../../../../riscv32-unknown-elf/lib/rv32imafdc/ilp32f\libc.a(lib_a-ldtoa.o)
 .text.eiremain
                0x0000000000009810       0xf4 c:/users/11958/desktop/template/tools/riscv/tool-chain/bin/../lib/gcc/riscv32-unknown-elf/11.1.0/../../../../riscv32-unknown-elf/lib/rv32imafdc/ilp32f\libc.a(lib_a-ldtoa.o)
 .text.e113toe.isra.0
                0x0000000000009904       0xfa c:/users/11958/desktop/template/tools/riscv/tool-chain/bin/../lib/gcc/riscv32-unknown-elf/11.1.0/../../../../riscv32-unknown-elf/lib/rv32imafdc/ilp32f\libc.a(lib_a-ldtoa.o)
 .text.ediv     0x00000000000099fe      0x416 c:/users/11958/desktop/template/tools/riscv/tool-chain/bin/../lib/gcc/riscv32-unknown-elf/11.1.0/../../../../riscv32-unknown-elf/lib/rv32imafdc/ilp32f\libc.a(lib_a-ldtoa.o)
 .text.emul     0x0000000000009e14      0x372 c:/users/11958/desktop/template/tools/riscv/tool-chain/bin/../lib/gcc/riscv32-unknown-elf/11.1.0/../../../../riscv32-unknown-elf/lib/rv32imafdc/ilp32f\libc.a(lib_a-ldtoa.o)
 .text._ldtoa_r
                0x000000000000a186      0xdfe c:/users/11958/desktop/template/tools/riscv/tool-chain/bin/../lib/gcc/riscv32-unknown-elf/11.1.0/../../../../riscv32-unknown-elf/lib/rv32imafdc/ilp32f\libc.a(lib_a-ldtoa.o)
                0x000000000000a186                _ldtoa_r
 .text._ldcheck
                0x000000000000af84       0x4a c:/users/11958/desktop/template/tools/riscv/tool-chain/bin/../lib/gcc/riscv32-unknown-elf/11.1.0/../../../../riscv32-unknown-elf/lib/rv32imafdc/ilp32f\libc.a(lib_a-ldtoa.o)
                0x000000000000af84                _ldcheck
 .text._localeconv_r
                0x000000000000afce        0x6 c:/users/11958/desktop/template/tools/riscv/tool-chain/bin/../lib/gcc/riscv32-unknown-elf/11.1.0/../../../../riscv32-unknown-elf/lib/rv32imafdc/ilp32f\libc.a(lib_a-localeconv.o)
                0x000000000000afce                _localeconv_r
 .text.__locale_mb_cur_max
                0x000000000000afd4        0x6 c:/users/11958/desktop/template/tools/riscv/tool-chain/bin/../lib/gcc/riscv32-unknown-elf/11.1.0/../../../../riscv32-unknown-elf/lib/rv32imafdc/ilp32f\libc.a(lib_a-locale.o)
                0x000000000000afd4                __locale_mb_cur_max
 .text.__smakebuf_r
                0x000000000000afda      0x10a c:/users/11958/desktop/template/tools/riscv/tool-chain/bin/../lib/gcc/riscv32-unknown-elf/11.1.0/../../../../riscv32-unknown-elf/lib/rv32imafdc/ilp32f\libc.a(lib_a-makebuf.o)
                0x000000000000afda                __smakebuf_r
 .text._malloc_r
                0x000000000000b0e4      0x5b6 c:/users/11958/desktop/template/tools/riscv/tool-chain/bin/../lib/gcc/riscv32-unknown-elf/11.1.0/../../../../riscv32-unknown-elf/lib/rv32imafdc/ilp32f\libc.a(lib_a-mallocr.o)
                0x000000000000b0e4                _malloc_r
 .text.__ascii_mbtowc
                0x000000000000b69a       0x40 c:/users/11958/desktop/template/tools/riscv/tool-chain/bin/../lib/gcc/riscv32-unknown-elf/11.1.0/../../../../riscv32-unknown-elf/lib/rv32imafdc/ilp32f\libc.a(lib_a-mbtowc_r.o)
                0x000000000000b69a                __ascii_mbtowc
 .text.memchr   0x000000000000b6da       0x92 c:/users/11958/desktop/template/tools/riscv/tool-chain/bin/../lib/gcc/riscv32-unknown-elf/11.1.0/../../../../riscv32-unknown-elf/lib/rv32imafdc/ilp32f\libc.a(lib_a-memchr.o)
                0x000000000000b6da                memchr
 .text.memcpy   0x000000000000b76c       0xe8 c:/users/11958/desktop/template/tools/riscv/tool-chain/bin/../lib/gcc/riscv32-unknown-elf/11.1.0/../../../../riscv32-unknown-elf/lib/rv32imafdc/ilp32f\libc.a(lib_a-memcpy.o)
                0x000000000000b76c                memcpy
 .text.memmove  0x000000000000b854       0xd0 c:/users/11958/desktop/template/tools/riscv/tool-chain/bin/../lib/gcc/riscv32-unknown-elf/11.1.0/../../../../riscv32-unknown-elf/lib/rv32imafdc/ilp32f\libc.a(lib_a-memmove-stub.o)
                0x000000000000b854                memmove
 .text.__malloc_lock
                0x000000000000b924        0x2 c:/users/11958/desktop/template/tools/riscv/tool-chain/bin/../lib/gcc/riscv32-unknown-elf/11.1.0/../../../../riscv32-unknown-elf/lib/rv32imafdc/ilp32f\libc.a(lib_a-mlock.o)
                0x000000000000b924                __malloc_lock
 .text.__malloc_unlock
                0x000000000000b926        0x2 c:/users/11958/desktop/template/tools/riscv/tool-chain/bin/../lib/gcc/riscv32-unknown-elf/11.1.0/../../../../riscv32-unknown-elf/lib/rv32imafdc/ilp32f\libc.a(lib_a-mlock.o)
                0x000000000000b926                __malloc_unlock
 .text._Balloc  0x000000000000b928       0x66 c:/users/11958/desktop/template/tools/riscv/tool-chain/bin/../lib/gcc/riscv32-unknown-elf/11.1.0/../../../../riscv32-unknown-elf/lib/rv32imafdc/ilp32f\libc.a(lib_a-mprec.o)
                0x000000000000b928                _Balloc
 .text._Bfree   0x000000000000b98e       0x12 c:/users/11958/desktop/template/tools/riscv/tool-chain/bin/../lib/gcc/riscv32-unknown-elf/11.1.0/../../../../riscv32-unknown-elf/lib/rv32imafdc/ilp32f\libc.a(lib_a-mprec.o)
                0x000000000000b98e                _Bfree
 .text._realloc_r
                0x000000000000b9a0      0x3c2 c:/users/11958/desktop/template/tools/riscv/tool-chain/bin/../lib/gcc/riscv32-unknown-elf/11.1.0/../../../../riscv32-unknown-elf/lib/rv32imafdc/ilp32f\libc.a(lib_a-reallocr.o)
                0x000000000000b9a0                _realloc_r
 .text._sbrk_r  0x000000000000bd62       0x36 c:/users/11958/desktop/template/tools/riscv/tool-chain/bin/../lib/gcc/riscv32-unknown-elf/11.1.0/../../../../riscv32-unknown-elf/lib/rv32imafdc/ilp32f\libc.a(lib_a-sbrkr.o)
                0x000000000000bd62                _sbrk_r
 .text.frexp    0x000000000000bd98       0x76 c:/users/11958/desktop/template/tools/riscv/tool-chain/bin/../lib/gcc/riscv32-unknown-elf/11.1.0/../../../../riscv32-unknown-elf/lib/rv32imafdc/ilp32f\libc.a(lib_a-s_frexp.o)
                0x000000000000bd98                frexp
 .text.raise    0x000000000000be0e       0x7a c:/users/11958/desktop/template/tools/riscv/tool-chain/bin/../lib/gcc/riscv32-unknown-elf/11.1.0/../../../../riscv32-unknown-elf/lib/rv32imafdc/ilp32f\libc.a(lib_a-signal.o)
                0x000000000000be0e                raise
 .text._kill_r  0x000000000000be88       0x3a c:/users/11958/desktop/template/tools/riscv/tool-chain/bin/../lib/gcc/riscv32-unknown-elf/11.1.0/../../../../riscv32-unknown-elf/lib/rv32imafdc/ilp32f\libc.a(lib_a-signalr.o)
                0x000000000000be88                _kill_r
 .text._getpid_r
                0x000000000000bec2        0x4 c:/users/11958/desktop/template/tools/riscv/tool-chain/bin/../lib/gcc/riscv32-unknown-elf/11.1.0/../../../../riscv32-unknown-elf/lib/rv32imafdc/ilp32f\libc.a(lib_a-signalr.o)
                0x000000000000bec2                _getpid_r
 .text.sprintf  0x000000000000bec6       0x48 c:/users/11958/desktop/template/tools/riscv/tool-chain/bin/../lib/gcc/riscv32-unknown-elf/11.1.0/../../../../riscv32-unknown-elf/lib/rv32imafdc/ilp32f\libc.a(lib_a-sprintf.o)
                0x000000000000bec6                sprintf
 .text.__sread  0x000000000000bf0e       0x38 c:/users/11958/desktop/template/tools/riscv/tool-chain/bin/../lib/gcc/riscv32-unknown-elf/11.1.0/../../../../riscv32-unknown-elf/lib/rv32imafdc/ilp32f\libc.a(lib_a-stdio.o)
                0x000000000000bf0e                __sread
 .text.__swrite
                0x000000000000bf46       0x54 c:/users/11958/desktop/template/tools/riscv/tool-chain/bin/../lib/gcc/riscv32-unknown-elf/11.1.0/../../../../riscv32-unknown-elf/lib/rv32imafdc/ilp32f\libc.a(lib_a-stdio.o)
                0x000000000000bf46                __swrite
 .text.__sseek  0x000000000000bf9a       0x42 c:/users/11958/desktop/template/tools/riscv/tool-chain/bin/../lib/gcc/riscv32-unknown-elf/11.1.0/../../../../riscv32-unknown-elf/lib/rv32imafdc/ilp32f\libc.a(lib_a-stdio.o)
                0x000000000000bf9a                __sseek
 .text.__sclose
                0x000000000000bfdc        0x8 c:/users/11958/desktop/template/tools/riscv/tool-chain/bin/../lib/gcc/riscv32-unknown-elf/11.1.0/../../../../riscv32-unknown-elf/lib/rv32imafdc/ilp32f\libc.a(lib_a-stdio.o)
                0x000000000000bfdc                __sclose
 .text.strcpy   0x000000000000bfe4       0x78 c:/users/11958/desktop/template/tools/riscv/tool-chain/bin/../lib/gcc/riscv32-unknown-elf/11.1.0/../../../../riscv32-unknown-elf/lib/rv32imafdc/ilp32f\libc.a(lib_a-strcpy.o)
                0x000000000000bfe4                strcpy
 .text.strncpy  0x000000000000c05c       0x7a c:/users/11958/desktop/template/tools/riscv/tool-chain/bin/../lib/gcc/riscv32-unknown-elf/11.1.0/../../../../riscv32-unknown-elf/lib/rv32imafdc/ilp32f\libc.a(lib_a-strncpy.o)
                0x000000000000c05c                strncpy
 .text._svfprintf_r
                0x000000000000c0d6     0x1c0e c:/users/11958/desktop/template/tools/riscv/tool-chain/bin/../lib/gcc/riscv32-unknown-elf/11.1.0/../../../../riscv32-unknown-elf/lib/rv32imafdc/ilp32f\libc.a(lib_a-svfprintf.o)
                0x000000000000c0d6                _svfprintf_r
 .text.__swbuf_r
                0x000000000000dce4       0xf8 c:/users/11958/desktop/template/tools/riscv/tool-chain/bin/../lib/gcc/riscv32-unknown-elf/11.1.0/../../../../riscv32-unknown-elf/lib/rv32imafdc/ilp32f\libc.a(lib_a-wbuf.o)
                0x000000000000dce4                __swbuf_r
 .text._wcrtomb_r
                0x000000000000dddc       0x44 c:/users/11958/desktop/template/tools/riscv/tool-chain/bin/../lib/gcc/riscv32-unknown-elf/11.1.0/../../../../riscv32-unknown-elf/lib/rv32imafdc/ilp32f\libc.a(lib_a-wcrtomb.o)
                0x000000000000dddc                _wcrtomb_r
 .text.__ascii_wctomb
                0x000000000000de20       0x20 c:/users/11958/desktop/template/tools/riscv/tool-chain/bin/../lib/gcc/riscv32-unknown-elf/11.1.0/../../../../riscv32-unknown-elf/lib/rv32imafdc/ilp32f\libc.a(lib_a-wctomb_r.o)
                0x000000000000de20                __ascii_wctomb
 .text._write_r
                0x000000000000de40       0x3c c:/users/11958/desktop/template/tools/riscv/tool-chain/bin/../lib/gcc/riscv32-unknown-elf/11.1.0/../../../../riscv32-unknown-elf/lib/rv32imafdc/ilp32f\libc.a(lib_a-writer.o)
                0x000000000000de40                _write_r
 .text._calloc_r
                0x000000000000de7c       0xa6 c:/users/11958/desktop/template/tools/riscv/tool-chain/bin/../lib/gcc/riscv32-unknown-elf/11.1.0/../../../../riscv32-unknown-elf/lib/rv32imafdc/ilp32f\libc.a(lib_a-callocr.o)
                0x000000000000de7c                _calloc_r
 .text._close_r
                0x000000000000df22       0x36 c:/users/11958/desktop/template/tools/riscv/tool-chain/bin/../lib/gcc/riscv32-unknown-elf/11.1.0/../../../../riscv32-unknown-elf/lib/rv32imafdc/ilp32f\libc.a(lib_a-closer.o)
                0x000000000000df22                _close_r
 .text.__errno  0x000000000000df58        0x6 c:/users/11958/desktop/template/tools/riscv/tool-chain/bin/../lib/gcc/riscv32-unknown-elf/11.1.0/../../../../riscv32-unknown-elf/lib/rv32imafdc/ilp32f\libc.a(lib_a-errno.o)
                0x000000000000df58                __errno
 .text._fclose_r
                0x000000000000df5e       0xae c:/users/11958/desktop/template/tools/riscv/tool-chain/bin/../lib/gcc/riscv32-unknown-elf/11.1.0/../../../../riscv32-unknown-elf/lib/rv32imafdc/ilp32f\libc.a(lib_a-fclose.o)
                0x000000000000df5e                _fclose_r
 .text._fstat_r
                0x000000000000e00c       0x3a c:/users/11958/desktop/template/tools/riscv/tool-chain/bin/../lib/gcc/riscv32-unknown-elf/11.1.0/../../../../riscv32-unknown-elf/lib/rv32imafdc/ilp32f\libc.a(lib_a-fstatr.o)
                0x000000000000e00c                _fstat_r
 .text._isatty_r
                0x000000000000e046       0x36 c:/users/11958/desktop/template/tools/riscv/tool-chain/bin/../lib/gcc/riscv32-unknown-elf/11.1.0/../../../../riscv32-unknown-elf/lib/rv32imafdc/ilp32f\libc.a(lib_a-isattyr.o)
                0x000000000000e046                _isatty_r
 .text._lseek_r
                0x000000000000e07c       0x3c c:/users/11958/desktop/template/tools/riscv/tool-chain/bin/../lib/gcc/riscv32-unknown-elf/11.1.0/../../../../riscv32-unknown-elf/lib/rv32imafdc/ilp32f\libc.a(lib_a-lseekr.o)
                0x000000000000e07c                _lseek_r
 .text._read_r  0x000000000000e0b8       0x3c c:/users/11958/desktop/template/tools/riscv/tool-chain/bin/../lib/gcc/riscv32-unknown-elf/11.1.0/../../../../riscv32-unknown-elf/lib/rv32imafdc/ilp32f\libc.a(lib_a-readr.o)
                0x000000000000e0b8                _read_r
 .text.__ssprint_r
                0x000000000000e0f4      0x12c c:/users/11958/desktop/template/tools/riscv/tool-chain/bin/../lib/gcc/riscv32-unknown-elf/11.1.0/../../../../riscv32-unknown-elf/lib/rv32imafdc/ilp32f\libc.a(lib_a-svfiprintf.o)
                0x000000000000e0f4                __ssprint_r
 *(.rodata)
 .rodata        0x000000000000e220       0x1c CMakeFiles/Serial.elf.dir/C_/Users/11958/Desktop/Template/component/debug/serial_debug.c.obj
 *fill*         0x000000000000e23c        0x4 
 .rodata        0x000000000000e240       0x18 CMakeFiles/Serial.elf.dir/C_/Users/11958/Desktop/Template/drivers/HPM/drivers/src/hpm_pllctl_drv.c.obj
 .rodata        0x000000000000e258       0x42 CMakeFiles/Serial.elf.dir/C_/Users/11958/Desktop/Template/board/HPM6450/board_bsp.c.obj
 *fill*         0x000000000000e29a        0x2 
 .rodata        0x000000000000e29c        0x7 CMakeFiles/Serial.elf.dir/C_/Users/11958/Desktop/Template/board/HPM6450/bsp/hpm6450dp_uart12.c.obj
 *fill*         0x000000000000e2a3        0x1 
 .rodata        0x000000000000e2a4       0x40 CMakeFiles/Serial.elf.dir/main.c.obj
 .rodata        0x000000000000e2e4      0x100 c:/users/11958/desktop/template/tools/riscv/tool-chain/bin/../lib/gcc/riscv32-unknown-elf/11.1.0/rv32imafdc/ilp32f\libgcc.a(_clz.o)
                0x000000000000e2e4                __clz_tab
 *(.rodata*)
 .rodata.exception_handler
                0x000000000000e3e4       0x40 CMakeFiles/Serial.elf.dir/C_/Users/11958/Desktop/Template/arch/riscv/hpm/trap.c.obj
 .rodata.uart_init
                0x000000000000e424       0x14 CMakeFiles/Serial.elf.dir/C_/Users/11958/Desktop/Template/drivers/HPM/drivers/src/hpm_uart_drv.c.obj
 .rodata.s_adc_clk_mux_node
                0x000000000000e438       0x10 CMakeFiles/Serial.elf.dir/C_/Users/11958/Desktop/Template/drivers/HPM/HPM6700/HPM6750/hpm_clock_drv.c.obj
 .rodata.s_i2s_clk_mux_node
                0x000000000000e448       0x10 CMakeFiles/Serial.elf.dir/C_/Users/11958/Desktop/Template/drivers/HPM/HPM6700/HPM6750/hpm_clock_drv.c.obj
 .rodata.s_wdgs
                0x000000000000e458       0x10 CMakeFiles/Serial.elf.dir/C_/Users/11958/Desktop/Template/drivers/HPM/HPM6700/HPM6750/hpm_clock_drv.c.obj
 .rodata.clock_get_frequency
                0x000000000000e468       0x34 CMakeFiles/Serial.elf.dir/C_/Users/11958/Desktop/Template/drivers/HPM/HPM6700/HPM6750/hpm_clock_drv.c.obj
 .rodata.get_frequency_for_source
                0x000000000000e49c       0x20 CMakeFiles/Serial.elf.dir/C_/Users/11958/Desktop/Template/drivers/HPM/HPM6700/HPM6750/hpm_clock_drv.c.obj
 .rodata.clock_set_source_divider
                0x000000000000e4bc       0x34 CMakeFiles/Serial.elf.dir/C_/Users/11958/Desktop/Template/drivers/HPM/HPM6700/HPM6750/hpm_clock_drv.c.obj
 .rodata.__assert_func.str1.4
                0x000000000000e4f0       0x3f c:/users/11958/desktop/template/tools/riscv/tool-chain/bin/../lib/gcc/riscv32-unknown-elf/11.1.0/../../../../riscv32-unknown-elf/lib/rv32imafdc/ilp32f\libc.a(lib_a-assert.o)
                                         0x43 (size before relaxing)
 *fill*         0x000000000000e52f        0x1 
 .rodata._puts_r.str1.4
                0x000000000000e530        0x2 c:/users/11958/desktop/template/tools/riscv/tool-chain/bin/../lib/gcc/riscv32-unknown-elf/11.1.0/../../../../riscv32-unknown-elf/lib/rv32imafdc/ilp32f\libc.a(lib_a-puts.o)
 *fill*         0x000000000000e532        0x2 
 .rodata._vfiprintf_r.str1.4
                0x000000000000e534       0x2f c:/users/11958/desktop/template/tools/riscv/tool-chain/bin/../lib/gcc/riscv32-unknown-elf/11.1.0/../../../../riscv32-unknown-elf/lib/rv32imafdc/ilp32f\libc.a(lib_a-vfiprintf.o)
 *fill*         0x000000000000e563        0x1 
 .rodata._vfiprintf_r
                0x000000000000e564      0x16c c:/users/11958/desktop/template/tools/riscv/tool-chain/bin/../lib/gcc/riscv32-unknown-elf/11.1.0/../../../../riscv32-unknown-elf/lib/rv32imafdc/ilp32f\libc.a(lib_a-vfiprintf.o)
 .rodata.blanks.1
                0x000000000000e6d0       0x10 c:/users/11958/desktop/template/tools/riscv/tool-chain/bin/../lib/gcc/riscv32-unknown-elf/11.1.0/../../../../riscv32-unknown-elf/lib/rv32imafdc/ilp32f\libc.a(lib_a-vfiprintf.o)
 .rodata.zeroes.0
                0x000000000000e6e0       0x10 c:/users/11958/desktop/template/tools/riscv/tool-chain/bin/../lib/gcc/riscv32-unknown-elf/11.1.0/../../../../riscv32-unknown-elf/lib/rv32imafdc/ilp32f\libc.a(lib_a-vfiprintf.o)
 .rodata._vfprintf_r.str1.4
                0x000000000000e6f0       0x12 c:/users/11958/desktop/template/tools/riscv/tool-chain/bin/../lib/gcc/riscv32-unknown-elf/11.1.0/../../../../riscv32-unknown-elf/lib/rv32imafdc/ilp32f\libc.a(lib_a-vfprintf.o)
                                         0x42 (size before relaxing)
 *fill*         0x000000000000e702        0x2 
 .rodata._vfprintf_r
                0x000000000000e704      0x204 c:/users/11958/desktop/template/tools/riscv/tool-chain/bin/../lib/gcc/riscv32-unknown-elf/11.1.0/../../../../riscv32-unknown-elf/lib/rv32imafdc/ilp32f\libc.a(lib_a-vfprintf.o)
 .rodata.blanks.1
                0x000000000000e908       0x10 c:/users/11958/desktop/template/tools/riscv/tool-chain/bin/../lib/gcc/riscv32-unknown-elf/11.1.0/../../../../riscv32-unknown-elf/lib/rv32imafdc/ilp32f\libc.a(lib_a-vfprintf.o)
 .rodata.zeroes.0
                0x000000000000e918       0x10 c:/users/11958/desktop/template/tools/riscv/tool-chain/bin/../lib/gcc/riscv32-unknown-elf/11.1.0/../../../../riscv32-unknown-elf/lib/rv32imafdc/ilp32f\libc.a(lib_a-vfprintf.o)
 .rodata._ldtoa_r.str1.4
                0x000000000000e928       0x86 c:/users/11958/desktop/template/tools/riscv/tool-chain/bin/../lib/gcc/riscv32-unknown-elf/11.1.0/../../../../riscv32-unknown-elf/lib/rv32imafdc/ilp32f\libc.a(lib_a-ldtoa.o)
 *fill*         0x000000000000e9ae        0x2 
 .rodata.bmask  0x000000000000e9b0       0x22 c:/users/11958/desktop/template/tools/riscv/tool-chain/bin/../lib/gcc/riscv32-unknown-elf/11.1.0/../../../../riscv32-unknown-elf/lib/rv32imafdc/ilp32f\libc.a(lib_a-ldtoa.o)
 *fill*         0x000000000000e9d2        0x2 
 .rodata.emtens
                0x000000000000e9d4      0x104 c:/users/11958/desktop/template/tools/riscv/tool-chain/bin/../lib/gcc/riscv32-unknown-elf/11.1.0/../../../../riscv32-unknown-elf/lib/rv32imafdc/ilp32f\libc.a(lib_a-ldtoa.o)
 .rodata.eone   0x000000000000ead8       0x14 c:/users/11958/desktop/template/tools/riscv/tool-chain/bin/../lib/gcc/riscv32-unknown-elf/11.1.0/../../../../riscv32-unknown-elf/lib/rv32imafdc/ilp32f\libc.a(lib_a-ldtoa.o)
 .rodata.etens  0x000000000000eaec      0x104 c:/users/11958/desktop/template/tools/riscv/tool-chain/bin/../lib/gcc/riscv32-unknown-elf/11.1.0/../../../../riscv32-unknown-elf/lib/rv32imafdc/ilp32f\libc.a(lib_a-ldtoa.o)
 .rodata.ezero  0x000000000000ebf0       0x14 c:/users/11958/desktop/template/tools/riscv/tool-chain/bin/../lib/gcc/riscv32-unknown-elf/11.1.0/../../../../riscv32-unknown-elf/lib/rv32imafdc/ilp32f\libc.a(lib_a-ldtoa.o)
 .rodata._setlocale_r.str1.4
                0x000000000000ec04        0xa c:/users/11958/desktop/template/tools/riscv/tool-chain/bin/../lib/gcc/riscv32-unknown-elf/11.1.0/../../../../riscv32-unknown-elf/lib/rv32imafdc/ilp32f\libc.a(lib_a-locale.o)
                                          0xd (size before relaxing)
 *fill*         0x000000000000ec0e        0x2 
 .rodata.str1.4
                0x000000000000ec10        0x2 c:/users/11958/desktop/template/tools/riscv/tool-chain/bin/../lib/gcc/riscv32-unknown-elf/11.1.0/../../../../riscv32-unknown-elf/lib/rv32imafdc/ilp32f\libc.a(lib_a-locale.o)
 .rodata._svfprintf_r.str1.4
                0x000000000000ec12       0x42 c:/users/11958/desktop/template/tools/riscv/tool-chain/bin/../lib/gcc/riscv32-unknown-elf/11.1.0/../../../../riscv32-unknown-elf/lib/rv32imafdc/ilp32f\libc.a(lib_a-svfprintf.o)
 *fill*         0x000000000000ec12        0x2 
 .rodata._svfprintf_r
                0x000000000000ec14      0x204 c:/users/11958/desktop/template/tools/riscv/tool-chain/bin/../lib/gcc/riscv32-unknown-elf/11.1.0/../../../../riscv32-unknown-elf/lib/rv32imafdc/ilp32f\libc.a(lib_a-svfprintf.o)
 .rodata.blanks.1
                0x000000000000ee18       0x10 c:/users/11958/desktop/template/tools/riscv/tool-chain/bin/../lib/gcc/riscv32-unknown-elf/11.1.0/../../../../riscv32-unknown-elf/lib/rv32imafdc/ilp32f\libc.a(lib_a-svfprintf.o)
 .rodata.zeroes.0
                0x000000000000ee28       0x10 c:/users/11958/desktop/template/tools/riscv/tool-chain/bin/../lib/gcc/riscv32-unknown-elf/11.1.0/../../../../riscv32-unknown-elf/lib/rv32imafdc/ilp32f\libc.a(lib_a-svfprintf.o)
 .rodata._ctype_
                0x000000000000ee38      0x101 c:/users/11958/desktop/template/tools/riscv/tool-chain/bin/../lib/gcc/riscv32-unknown-elf/11.1.0/../../../../riscv32-unknown-elf/lib/rv32imafdc/ilp32f\libc.a(lib_a-ctype_.o)
                0x000000000000ee38                _ctype_
 *(.srodata)
 *(.srodata*)
 *fill*         0x000000000000ef39        0x7 
 .srodata.cst8  0x000000000000ef40        0x8 c:/users/11958/desktop/template/tools/riscv/tool-chain/bin/../lib/gcc/riscv32-unknown-elf/11.1.0/../../../../riscv32-unknown-elf/lib/rv32imafdc/ilp32f\libc.a(lib_a-s_frexp.o)
 *(.hash)
 *(.dyn*)
 *(.gnu*)
 *(.pl*)
 *(.init)
 *(.fini)
                0x000000000000ef48                . = ALIGN (0x8)
                0x000000000000ef48                __usbh_class_info_start__ = .
 *(.usbh_class_info)
                0x000000000000ef48                __usbh_class_info_end__ = .
                0x000000000000ef48                . = ALIGN (0x4)
                0x000000000000ef48                __fsymtab_start = .
 *(FSymTab)
                0x000000000000ef48                __fsymtab_end = .
                0x000000000000ef48                . = ALIGN (0x4)
                0x000000000000ef48                __vsymtab_start = .
 *(VSymTab)
                0x000000000000ef48                __vsymtab_end = .
                0x000000000000ef48                . = ALIGN (0x4)
                0x000000000000ef48                . = ALIGN (0x4)
                0x000000000000ef48                __rt_init_start = .
 *(SORT_BY_NAME(.rti_fn*))
                0x000000000000ef48                __rt_init_end = .
                0x000000000000ef48                . = ALIGN (0x4)
                0x000000000000ef48                . = ALIGN (0x4)
                0x000000000000ef48                __rtmsymtab_start = .
 *(RTMSymTab)
                0x000000000000ef48                __rtmsymtab_end = .
                0x000000000000ef48                . = ALIGN (0x8)

.eh_frame       0x000000000000ef48       0x28
                0x000000000000ef48                __eh_frame_start = .
 *(.eh_frame)
 .eh_frame      0x000000000000ef48       0x28 c:/users/11958/desktop/template/tools/riscv/tool-chain/bin/../lib/gcc/riscv32-unknown-elf/11.1.0/rv32imafdc/ilp32f\libgcc.a(_udivdi3.o)
                0x000000000000ef70                __eh_frame_end = .

.eh_frame_hdr   0x000000000000ef70        0x0
 *(.eh_frame_hdr)
                0x0000000000000000                __eh_frame_hdr_start = (SIZEOF (.eh_frame_hdr) > 0x0)?ADDR (.eh_frame_hdr):0x0
                0x0000000000000000                __eh_frame_hdr_end = (SIZEOF (.eh_frame_hdr) > 0x0)?.:0x0
                0x000000000000ef70                . = ALIGN (0x8)
                [!provide]                        PROVIDE (__etext = .)
                [!provide]                        PROVIDE (_etext = .)
                0x000000000000ef70                PROVIDE (etext = .)
                0x000000000000ef70                __data_load_addr__ = etext

.data           0x0000000001080000      0x9b8 load address 0x000000000000ef70
                0x0000000001080000                . = ALIGN (0x8)
                0x0000000001080000                __data_start__ = .
                0x0000000001080800                __global_pointer$ = (. + 0x800)
 *(.data)
 *(.data*)
 .data.__uart12_ops
                0x0000000001080000       0x10 CMakeFiles/Serial.elf.dir/C_/Users/11958/Desktop/Template/board/HPM6450/bsp/hpm6450dp_uart12.c.obj
 .data.impure_data
                0x0000000001080010      0x428 c:/users/11958/desktop/template/tools/riscv/tool-chain/bin/../lib/gcc/riscv32-unknown-elf/11.1.0/../../../../riscv32-unknown-elf/lib/rv32imafdc/ilp32f\libc.a(lib_a-impure.o)
 .data.__global_locale
                0x0000000001080438      0x16c c:/users/11958/desktop/template/tools/riscv/tool-chain/bin/../lib/gcc/riscv32-unknown-elf/11.1.0/../../../../riscv32-unknown-elf/lib/rv32imafdc/ilp32f\libc.a(lib_a-locale.o)
                0x0000000001080438                __global_locale
 .data.__malloc_av_
                0x00000000010805a4      0x408 c:/users/11958/desktop/template/tools/riscv/tool-chain/bin/../lib/gcc/riscv32-unknown-elf/11.1.0/../../../../riscv32-unknown-elf/lib/rv32imafdc/ilp32f\libc.a(lib_a-mallocr.o)
                0x00000000010805a4                __malloc_av_
 *(.sdata)
 *(.sdata*)
 .sdata._impure_ptr
                0x00000000010809ac        0x4 c:/users/11958/desktop/template/tools/riscv/tool-chain/bin/../lib/gcc/riscv32-unknown-elf/11.1.0/../../../../riscv32-unknown-elf/lib/rv32imafdc/ilp32f\libc.a(lib_a-impure.o)
                0x00000000010809ac                _impure_ptr
 .sdata.__malloc_sbrk_base
                0x00000000010809b0        0x4 c:/users/11958/desktop/template/tools/riscv/tool-chain/bin/../lib/gcc/riscv32-unknown-elf/11.1.0/../../../../riscv32-unknown-elf/lib/rv32imafdc/ilp32f\libc.a(lib_a-mallocr.o)
                0x00000000010809b0                __malloc_sbrk_base
 .sdata.__malloc_trim_threshold
                0x00000000010809b4        0x4 c:/users/11958/desktop/template/tools/riscv/tool-chain/bin/../lib/gcc/riscv32-unknown-elf/11.1.0/../../../../riscv32-unknown-elf/lib/rv32imafdc/ilp32f\libc.a(lib_a-mallocr.o)
                0x00000000010809b4                __malloc_trim_threshold
 *(.jcr)
 *(.dynamic)
 *(.got*)
 *(.got)
 *(.gcc_except_table)
 *(.gcc_except_table.*)
                0x00000000010809b8                . = ALIGN (0x8)
                0x00000000010809b8                PROVIDE (__preinit_array_start = .)
 *(.preinit_array)
                0x00000000010809b8                PROVIDE (__preinit_array_end = .)
                0x00000000010809b8                . = ALIGN (0x8)
                0x00000000010809b8                PROVIDE (__init_array_start = .)
 *(SORT_BY_INIT_PRIORITY(.init_array.*))
 *(.init_array)
                0x00000000010809b8                PROVIDE (__init_array_end = .)
                0x00000000010809b8                . = ALIGN (0x8)
                0x00000000010809b8                PROVIDE (__fini_array_start = .)
 *(SORT_BY_INIT_PRIORITY(.fini_array.*))
 *(.fini_array)
                0x00000000010809b8                PROVIDE (__fini_array_end = .)
                0x00000000010809b8                . = ALIGN (0x8)
 *crtbegin*.o(.ctors)
 *(EXCLUDE_FILE(*crtend*.o) .ctors)
 *(SORT_BY_NAME(.ctors.*))
 *(.ctors)
                0x00000000010809b8                . = ALIGN (0x8)
 *crtbegin*.o(.dtors)
 *(EXCLUDE_FILE(*crtend*.o) .dtors)
 *(SORT_BY_NAME(.dtors.*))
 *(.dtors)
                0x00000000010809b8                . = ALIGN (0x8)
                0x00000000010809b8                __data_end__ = .
                [!provide]                        PROVIDE (__edata = .)
                [!provide]                        PROVIDE (_edata = .)
                [!provide]                        PROVIDE (edata = .)
                0x000000000000f928                __fast_load_addr__ = (etext + SIZEOF (.data))

.fast           0x000000000000ef70        0x0 load address 0x000000000000f928
                0x000000000000ef70                . = ALIGN (0x8)
                0x000000000000ef70                PROVIDE (__ramfunc_start__ = .)
 *(.fast)
 *(.fast.*)
                0x000000000000ef70                . = ALIGN (0x8)
                0x000000000000ef70                PROVIDE (__ramfunc_end__ = .)
                0x000000000000f928                __tdata_load_addr__ = ((etext + SIZEOF (.data)) + SIZEOF (.fast))

.tdata          0x00000000010809b8        0x0 load address 0x000000000000f928
                0x00000000010809b8                . = ALIGN (0x8)
                0x00000000010809b8                PROVIDE (__tdata_start__ = .)
 *(.tdata)
 *(.tdata.*)
 *(.gnu.linkonce.td.*)
                0x00000000010809b8                . = ALIGN (0x8)
                0x00000000010809b8                PROVIDE (__tdata_end__ = .)

.tbss           0x00000000010809b8        0x0
                0x00000000010809b8                . = ALIGN (0x8)
                [!provide]                        PROVIDE (__tbss_start__ = .)
                0x00000000010809b8                __thread_pointer$ = .
 *(.tbss)
 *(.tbss.*)
 *(.gnu.linkonce.tb.*)
 *(.tcommon)
                0x00000000010809b8                . = ALIGN (0x8)
                [!provide]                        PROVIDE (__tbss_end__ = .)
                0x000000000000f928                __noncacheable_init_load_addr__ = (((etext + SIZEOF (.data)) + SIZEOF (.fast)) + SIZEOF (.tdata))

.noncacheable.init
                0x0000000001100000        0x0 load address 0x000000000000f928
                0x0000000001100000                . = ALIGN (0x8)
                0x0000000001100000                __noncacheable_init_start__ = .
 *(.noncacheable.init)
 *(.noncacheable.init.*)
                0x0000000001100000                __noncacheable_init_end__ = .
                0x0000000001100000                . = ALIGN (0x8)
                0x000000000000f928                __fast_ram_init_load_addr__ = ((((etext + SIZEOF (.data)) + SIZEOF (.fast)) + SIZEOF (.tdata)) + SIZEOF (.noncacheable.init))

.fast_ram.init  0x0000000000080000        0x0 load address 0x000000000000f928
                0x0000000000080000                . = ALIGN (0x8)
                0x0000000000080000                __fast_ram_init_start__ = .
 *(.fast_ram.init)
 *(.fast_ram.init.*)
                0x0000000000080000                __fast_ram_init_end__ = .
                0x0000000000080000                . = ALIGN (0x8)

.bss            0x00000000010809b8       0x68 load address 0x000000000000f928
                0x00000000010809b8                . = ALIGN (0x8)
                0x00000000010809b8                __bss_start__ = .
 *(.bss)
 *(.bss*)
 .bss.__uart_devs
                0x00000000010809b8       0x20 CMakeFiles/Serial.elf.dir/C_/Users/11958/Desktop/Template/subsys/uart_hal/subsys_uart.c.obj
 .bss.__malloc_current_mallinfo
                0x00000000010809d8       0x28 c:/users/11958/desktop/template/tools/riscv/tool-chain/bin/../lib/gcc/riscv32-unknown-elf/11.1.0/../../../../riscv32-unknown-elf/lib/rv32imafdc/ilp32f\libc.a(lib_a-mallocr.o)
                0x00000000010809d8                __malloc_current_mallinfo
 *(.sbss*)
 .sbss.__uart_dev_count
                0x0000000001080a00        0x1 CMakeFiles/Serial.elf.dir/C_/Users/11958/Desktop/Template/subsys/uart_hal/subsys_uart.c.obj
 *fill*         0x0000000001080a01        0x3 
 .sbss.__debug_serial
                0x0000000001080a04        0x4 CMakeFiles/Serial.elf.dir/C_/Users/11958/Desktop/Template/component/debug/serial_debug.c.obj
 .sbss.hpm_core_clock
                0x0000000001080a08        0x4 CMakeFiles/Serial.elf.dir/C_/Users/11958/Desktop/Template/drivers/HPM/HPM6700/HPM6750/hpm_clock_drv.c.obj
                0x0000000001080a08                hpm_core_clock
 .sbss.__malloc_max_sbrked_mem
                0x0000000001080a0c        0x4 c:/users/11958/desktop/template/tools/riscv/tool-chain/bin/../lib/gcc/riscv32-unknown-elf/11.1.0/../../../../riscv32-unknown-elf/lib/rv32imafdc/ilp32f\libc.a(lib_a-mallocr.o)
                0x0000000001080a0c                __malloc_max_sbrked_mem
 .sbss.__malloc_max_total_mem
                0x0000000001080a10        0x4 c:/users/11958/desktop/template/tools/riscv/tool-chain/bin/../lib/gcc/riscv32-unknown-elf/11.1.0/../../../../riscv32-unknown-elf/lib/rv32imafdc/ilp32f\libc.a(lib_a-mallocr.o)
                0x0000000001080a10                __malloc_max_total_mem
 .sbss.__malloc_top_pad
                0x0000000001080a14        0x4 c:/users/11958/desktop/template/tools/riscv/tool-chain/bin/../lib/gcc/riscv32-unknown-elf/11.1.0/../../../../riscv32-unknown-elf/lib/rv32imafdc/ilp32f\libc.a(lib_a-mallocr.o)
                0x0000000001080a14                __malloc_top_pad
 .sbss.errno    0x0000000001080a18        0x4 c:/users/11958/desktop/template/tools/riscv/tool-chain/bin/../lib/gcc/riscv32-unknown-elf/11.1.0/../../../../riscv32-unknown-elf/lib/rv32imafdc/ilp32f\libc.a(lib_a-reent.o)
                0x0000000001080a18                errno
 *(.scommon)
 *(.scommon*)
 *(.dynsbss*)
 *(COMMON)
                0x0000000001080a20                . = ALIGN (0x8)
 *fill*         0x0000000001080a1c        0x4 
                0x0000000001080a20                _end = .
                0x0000000001080a20                __bss_end__ = .

.framebuffer    0x0000000001080a20        0x0
                0x0000000001080a20                . = ALIGN (0x8)
 *(.framebuffer)
 *(.framebuffer.*)
                0x0000000001080a20                . = ALIGN (0x8)

.noncacheable   0x0000000001100000        0x0
                0x0000000001100000                . = ALIGN (0x8)
 *(.noncacheable)
 *(.noncacheable.non_init)
 *(.noncacheable.non_init.*)
                0x0000000001100000                __noncacheable_bss_start__ = .
 *(.noncacheable.bss)
 *(.noncacheable.bss.*)
                0x0000000001100000                __noncacheable_bss_end__ = .
                0x0000000001100000                . = ALIGN (0x8)

.ahb_sram
 *(.ahb_sram)
 *(.ahb_sram.*)

.apb_sram
 *(.backup_sram)
 *(.backup_sram.*)

.sh_mem
 *(.sh_mem)
 *(.sh_mem.*)

.fast_ram       0x0000000000080000        0x0
                0x0000000000080000                . = ALIGN (0x8)
 *(.fast_ram)
 *(.fast_ram.non_init)
 *(.fast_ram.non_init.*)
                0x0000000000080000                __fast_ram_bss_start__ = .
 *(.fast_ram.bss)
 *(.fast_ram.bss.*)
                0x0000000000080000                __fast_ram_bss_end__ = .
                0x0000000000080000                . = ALIGN (0x8)

.heap           0x0000000000080000     0x4000
                0x0000000000080000                . = ALIGN (0x8)
                0x0000000000080000                __heap_start__ = .
                0x0000000000084000                . = (. + HEAP_SIZE)
 *fill*         0x0000000000080000     0x4000 
                0x0000000000084000                __heap_end__ = .

.stack          0x0000000000084000     0x4000
                0x0000000000084000                . = ALIGN (0x10)
                0x0000000000084000                __stack_base__ = .
                0x0000000000088000                . = (. + STACK_SIZE)
 *fill*         0x0000000000084000     0x4000 
                0x0000000000088000                . = ALIGN (0x10)
                0x0000000000088000                PROVIDE (_stack = .)
                [!provide]                        PROVIDE (_stack_safe = .)
                0x0000000001100000                __noncacheable_start__ = ORIGIN (NONCACHEABLE_RAM)
                0x0000000001140000                __noncacheable_end__ = (ORIGIN (NONCACHEABLE_RAM) + LENGTH (NONCACHEABLE_RAM))
                0x000000000117c000                __share_mem_start__ = ORIGIN (SHARE_RAM)
                0x0000000001180000                __share_mem_end__ = (ORIGIN (SHARE_RAM) + LENGTH (SHARE_RAM))
                0x000000000000f790                __fw_size__ = ((((((((((SIZEOF (.start) + SIZEOF (.vectors)) + SIZEOF (.rel)) + SIZEOF (.text)) + SIZEOF (.data)) + SIZEOF (.fast)) + SIZEOF (.tdata)) + SIZEOF (.noncacheable.init)) + SIZEOF (.fast_ram.init)) + SIZEOF (.eh_frame)) + SIZEOF (.eh_frame_hdr))
                0x000000000000f928                __last_addr__ = (__fast_ram_init_load_addr__ + SIZEOF (.fast_ram.init))
                0x0000000000000001                ASSERT (((__fw_size__ <= LENGTH (ILM)) && (__last_addr__ <= (ORIGIN (ILM) + LENGTH (ILM)))), ******  FAILED! ILM does not have enough space!  ******)
OUTPUT(build/Serial.elf elf32-littleriscv)

.debug_info     0x0000000000000000     0xce1e
 .debug_info    0x0000000000000000      0x2e4 CMakeFiles/Serial.elf.dir/C_/Users/11958/Desktop/Template/arch/riscv/hpm/toolchains/gcc/stdio_weak.c.obj
 .debug_info    0x00000000000002e4       0x23 CMakeFiles/Serial.elf.dir/C_/Users/11958/Desktop/Template/arch/riscv/hpm/toolchains/gcc/start.S.obj
 .debug_info    0x0000000000000307      0x649 CMakeFiles/Serial.elf.dir/C_/Users/11958/Desktop/Template/arch/riscv/l1c/hpm_l1c_drv.c.obj
 .debug_info    0x0000000000000950      0x538 CMakeFiles/Serial.elf.dir/C_/Users/11958/Desktop/Template/arch/riscv/hpm/toolchains/reset.c.obj
 .debug_info    0x0000000000000e88      0x12d CMakeFiles/Serial.elf.dir/C_/Users/11958/Desktop/Template/arch/riscv/hpm/toolchains/initfini.c.obj
 .debug_info    0x0000000000000fb5      0x1f2 CMakeFiles/Serial.elf.dir/C_/Users/11958/Desktop/Template/arch/riscv/hpm/system.c.obj
 .debug_info    0x00000000000011a7      0x35c CMakeFiles/Serial.elf.dir/C_/Users/11958/Desktop/Template/arch/riscv/hpm/trap.c.obj
 .debug_info    0x0000000000001503      0x363 CMakeFiles/Serial.elf.dir/C_/Users/11958/Desktop/Template/subsys/uart_hal/subsys_uart.c.obj
 .debug_info    0x0000000000001866      0x284 CMakeFiles/Serial.elf.dir/C_/Users/11958/Desktop/Template/component/debug/serial_debug.c.obj
 .debug_info    0x0000000000001aea      0x4f8 CMakeFiles/Serial.elf.dir/C_/Users/11958/Desktop/Template/drivers/HPM/drivers/src/hpm_pcfg_drv.c.obj
 .debug_info    0x0000000000001fe2      0x6cd CMakeFiles/Serial.elf.dir/C_/Users/11958/Desktop/Template/drivers/HPM/drivers/src/hpm_pllctl_drv.c.obj
 .debug_info    0x00000000000026af      0x89d CMakeFiles/Serial.elf.dir/C_/Users/11958/Desktop/Template/drivers/HPM/drivers/src/hpm_uart_drv.c.obj
 .debug_info    0x0000000000002f4c     0x21d3 CMakeFiles/Serial.elf.dir/C_/Users/11958/Desktop/Template/drivers/HPM/HPM6700/HPM6750/hpm_clock_drv.c.obj
 .debug_info    0x000000000000511f     0x1b04 CMakeFiles/Serial.elf.dir/C_/Users/11958/Desktop/Template/drivers/HPM/HPM6700/HPM6750/hpm_sysctl_drv.c.obj
 .debug_info    0x0000000000006c23     0x109b CMakeFiles/Serial.elf.dir/C_/Users/11958/Desktop/Template/board/HPM6450/board_bsp.c.obj
 .debug_info    0x0000000000007cbe     0x1274 CMakeFiles/Serial.elf.dir/C_/Users/11958/Desktop/Template/board/HPM6450/bsp/hpm6450dp_uart12.c.obj
 .debug_info    0x0000000000008f32      0x1b0 CMakeFiles/Serial.elf.dir/main.c.obj
 .debug_info    0x00000000000090e2      0x761 c:/users/11958/desktop/template/tools/riscv/tool-chain/bin/../lib/gcc/riscv32-unknown-elf/11.1.0/rv32imafdc/ilp32f\libgcc.a(_udivdi3.o)
 .debug_info    0x0000000000009843      0x24a c:/users/11958/desktop/template/tools/riscv/tool-chain/bin/../lib/gcc/riscv32-unknown-elf/11.1.0/rv32imafdc/ilp32f\libgcc.a(eqtf2.o)
 .debug_info    0x0000000000009a8d      0x233 c:/users/11958/desktop/template/tools/riscv/tool-chain/bin/../lib/gcc/riscv32-unknown-elf/11.1.0/rv32imafdc/ilp32f\libgcc.a(getf2.o)
 .debug_info    0x0000000000009cc0      0x233 c:/users/11958/desktop/template/tools/riscv/tool-chain/bin/../lib/gcc/riscv32-unknown-elf/11.1.0/rv32imafdc/ilp32f\libgcc.a(letf2.o)
 .debug_info    0x0000000000009ef3     0x117e c:/users/11958/desktop/template/tools/riscv/tool-chain/bin/../lib/gcc/riscv32-unknown-elf/11.1.0/rv32imafdc/ilp32f\libgcc.a(multf3.o)
 .debug_info    0x000000000000b071      0xd25 c:/users/11958/desktop/template/tools/riscv/tool-chain/bin/../lib/gcc/riscv32-unknown-elf/11.1.0/rv32imafdc/ilp32f\libgcc.a(subtf3.o)
 .debug_info    0x000000000000bd96      0x274 c:/users/11958/desktop/template/tools/riscv/tool-chain/bin/../lib/gcc/riscv32-unknown-elf/11.1.0/rv32imafdc/ilp32f\libgcc.a(fixtfsi.o)
 .debug_info    0x000000000000c00a      0x351 c:/users/11958/desktop/template/tools/riscv/tool-chain/bin/../lib/gcc/riscv32-unknown-elf/11.1.0/rv32imafdc/ilp32f\libgcc.a(floatsitf.o)
 .debug_info    0x000000000000c35b      0x3bd c:/users/11958/desktop/template/tools/riscv/tool-chain/bin/../lib/gcc/riscv32-unknown-elf/11.1.0/rv32imafdc/ilp32f\libgcc.a(extenddftf2.o)
 .debug_info    0x000000000000c718      0x4ec c:/users/11958/desktop/template/tools/riscv/tool-chain/bin/../lib/gcc/riscv32-unknown-elf/11.1.0/rv32imafdc/ilp32f\libgcc.a(trunctfdf2.o)
 .debug_info    0x000000000000cc04       0xd8 c:/users/11958/desktop/template/tools/riscv/tool-chain/bin/../lib/gcc/riscv32-unknown-elf/11.1.0/rv32imafdc/ilp32f\libgcc.a(_clz.o)
 .debug_info    0x000000000000ccdc      0x142 c:/users/11958/desktop/template/tools/riscv/tool-chain/bin/../lib/gcc/riscv32-unknown-elf/11.1.0/rv32imafdc/ilp32f\libgcc.a(_clzsi2.o)

.debug_abbrev   0x0000000000000000     0x2ebe
 .debug_abbrev  0x0000000000000000       0xea CMakeFiles/Serial.elf.dir/C_/Users/11958/Desktop/Template/arch/riscv/hpm/toolchains/gcc/stdio_weak.c.obj
 .debug_abbrev  0x00000000000000ea       0x12 CMakeFiles/Serial.elf.dir/C_/Users/11958/Desktop/Template/arch/riscv/hpm/toolchains/gcc/start.S.obj
 .debug_abbrev  0x00000000000000fc      0x1ef CMakeFiles/Serial.elf.dir/C_/Users/11958/Desktop/Template/arch/riscv/l1c/hpm_l1c_drv.c.obj
 .debug_abbrev  0x00000000000002eb      0x256 CMakeFiles/Serial.elf.dir/C_/Users/11958/Desktop/Template/arch/riscv/hpm/toolchains/reset.c.obj
 .debug_abbrev  0x0000000000000541       0xc6 CMakeFiles/Serial.elf.dir/C_/Users/11958/Desktop/Template/arch/riscv/hpm/toolchains/initfini.c.obj
 .debug_abbrev  0x0000000000000607      0x16b CMakeFiles/Serial.elf.dir/C_/Users/11958/Desktop/Template/arch/riscv/hpm/system.c.obj
 .debug_abbrev  0x0000000000000772      0x1ac CMakeFiles/Serial.elf.dir/C_/Users/11958/Desktop/Template/arch/riscv/hpm/trap.c.obj
 .debug_abbrev  0x000000000000091e      0x16f CMakeFiles/Serial.elf.dir/C_/Users/11958/Desktop/Template/subsys/uart_hal/subsys_uart.c.obj
 .debug_abbrev  0x0000000000000a8d      0x12b CMakeFiles/Serial.elf.dir/C_/Users/11958/Desktop/Template/component/debug/serial_debug.c.obj
 .debug_abbrev  0x0000000000000bb8      0x174 CMakeFiles/Serial.elf.dir/C_/Users/11958/Desktop/Template/drivers/HPM/drivers/src/hpm_pcfg_drv.c.obj
 .debug_abbrev  0x0000000000000d2c      0x1f2 CMakeFiles/Serial.elf.dir/C_/Users/11958/Desktop/Template/drivers/HPM/drivers/src/hpm_pllctl_drv.c.obj
 .debug_abbrev  0x0000000000000f1e      0x296 CMakeFiles/Serial.elf.dir/C_/Users/11958/Desktop/Template/drivers/HPM/drivers/src/hpm_uart_drv.c.obj
 .debug_abbrev  0x00000000000011b4      0x367 CMakeFiles/Serial.elf.dir/C_/Users/11958/Desktop/Template/drivers/HPM/HPM6700/HPM6750/hpm_clock_drv.c.obj
 .debug_abbrev  0x000000000000151b      0x329 CMakeFiles/Serial.elf.dir/C_/Users/11958/Desktop/Template/drivers/HPM/HPM6700/HPM6750/hpm_sysctl_drv.c.obj
 .debug_abbrev  0x0000000000001844      0x236 CMakeFiles/Serial.elf.dir/C_/Users/11958/Desktop/Template/board/HPM6450/board_bsp.c.obj
 .debug_abbrev  0x0000000000001a7a      0x25f CMakeFiles/Serial.elf.dir/C_/Users/11958/Desktop/Template/board/HPM6450/bsp/hpm6450dp_uart12.c.obj
 .debug_abbrev  0x0000000000001cd9       0xce CMakeFiles/Serial.elf.dir/main.c.obj
 .debug_abbrev  0x0000000000001da7      0x1a6 c:/users/11958/desktop/template/tools/riscv/tool-chain/bin/../lib/gcc/riscv32-unknown-elf/11.1.0/rv32imafdc/ilp32f\libgcc.a(_udivdi3.o)
 .debug_abbrev  0x0000000000001f4d      0x16b c:/users/11958/desktop/template/tools/riscv/tool-chain/bin/../lib/gcc/riscv32-unknown-elf/11.1.0/rv32imafdc/ilp32f\libgcc.a(eqtf2.o)
 .debug_abbrev  0x00000000000020b8      0x160 c:/users/11958/desktop/template/tools/riscv/tool-chain/bin/../lib/gcc/riscv32-unknown-elf/11.1.0/rv32imafdc/ilp32f\libgcc.a(getf2.o)
 .debug_abbrev  0x0000000000002218      0x160 c:/users/11958/desktop/template/tools/riscv/tool-chain/bin/../lib/gcc/riscv32-unknown-elf/11.1.0/rv32imafdc/ilp32f\libgcc.a(letf2.o)
 .debug_abbrev  0x0000000000002378      0x1b2 c:/users/11958/desktop/template/tools/riscv/tool-chain/bin/../lib/gcc/riscv32-unknown-elf/11.1.0/rv32imafdc/ilp32f\libgcc.a(multf3.o)
 .debug_abbrev  0x000000000000252a      0x1d4 c:/users/11958/desktop/template/tools/riscv/tool-chain/bin/../lib/gcc/riscv32-unknown-elf/11.1.0/rv32imafdc/ilp32f\libgcc.a(subtf3.o)
 .debug_abbrev  0x00000000000026fe      0x16a c:/users/11958/desktop/template/tools/riscv/tool-chain/bin/../lib/gcc/riscv32-unknown-elf/11.1.0/rv32imafdc/ilp32f\libgcc.a(fixtfsi.o)
 .debug_abbrev  0x0000000000002868      0x1c2 c:/users/11958/desktop/template/tools/riscv/tool-chain/bin/../lib/gcc/riscv32-unknown-elf/11.1.0/rv32imafdc/ilp32f\libgcc.a(floatsitf.o)
 .debug_abbrev  0x0000000000002a2a      0x1a9 c:/users/11958/desktop/template/tools/riscv/tool-chain/bin/../lib/gcc/riscv32-unknown-elf/11.1.0/rv32imafdc/ilp32f\libgcc.a(extenddftf2.o)
 .debug_abbrev  0x0000000000002bd3      0x1b1 c:/users/11958/desktop/template/tools/riscv/tool-chain/bin/../lib/gcc/riscv32-unknown-elf/11.1.0/rv32imafdc/ilp32f\libgcc.a(trunctfdf2.o)
 .debug_abbrev  0x0000000000002d84       0x70 c:/users/11958/desktop/template/tools/riscv/tool-chain/bin/../lib/gcc/riscv32-unknown-elf/11.1.0/rv32imafdc/ilp32f\libgcc.a(_clz.o)
 .debug_abbrev  0x0000000000002df4       0xca c:/users/11958/desktop/template/tools/riscv/tool-chain/bin/../lib/gcc/riscv32-unknown-elf/11.1.0/rv32imafdc/ilp32f\libgcc.a(_clzsi2.o)

.debug_aranges  0x0000000000000000      0x808
 .debug_aranges
                0x0000000000000000       0x78 CMakeFiles/Serial.elf.dir/C_/Users/11958/Desktop/Template/arch/riscv/hpm/toolchains/gcc/stdio_weak.c.obj
 .debug_aranges
                0x0000000000000078       0x28 CMakeFiles/Serial.elf.dir/C_/Users/11958/Desktop/Template/arch/riscv/hpm/toolchains/gcc/start.S.obj
 .debug_aranges
                0x00000000000000a0       0xb0 CMakeFiles/Serial.elf.dir/C_/Users/11958/Desktop/Template/arch/riscv/l1c/hpm_l1c_drv.c.obj
 .debug_aranges
                0x0000000000000150       0x48 CMakeFiles/Serial.elf.dir/C_/Users/11958/Desktop/Template/arch/riscv/hpm/toolchains/reset.c.obj
 .debug_aranges
                0x0000000000000198       0x28 CMakeFiles/Serial.elf.dir/C_/Users/11958/Desktop/Template/arch/riscv/hpm/toolchains/initfini.c.obj
 .debug_aranges
                0x00000000000001c0       0x28 CMakeFiles/Serial.elf.dir/C_/Users/11958/Desktop/Template/arch/riscv/hpm/system.c.obj
 .debug_aranges
                0x00000000000001e8       0x40 CMakeFiles/Serial.elf.dir/C_/Users/11958/Desktop/Template/arch/riscv/hpm/trap.c.obj
 .debug_aranges
                0x0000000000000228       0x40 CMakeFiles/Serial.elf.dir/C_/Users/11958/Desktop/Template/subsys/uart_hal/subsys_uart.c.obj
 .debug_aranges
                0x0000000000000268       0x28 CMakeFiles/Serial.elf.dir/C_/Users/11958/Desktop/Template/component/debug/serial_debug.c.obj
 .debug_aranges
                0x0000000000000290       0x50 CMakeFiles/Serial.elf.dir/C_/Users/11958/Desktop/Template/drivers/HPM/drivers/src/hpm_pcfg_drv.c.obj
 .debug_aranges
                0x00000000000002e0       0x78 CMakeFiles/Serial.elf.dir/C_/Users/11958/Desktop/Template/drivers/HPM/drivers/src/hpm_pllctl_drv.c.obj
 .debug_aranges
                0x0000000000000358       0x80 CMakeFiles/Serial.elf.dir/C_/Users/11958/Desktop/Template/drivers/HPM/drivers/src/hpm_uart_drv.c.obj
 .debug_aranges
                0x00000000000003d8      0x108 CMakeFiles/Serial.elf.dir/C_/Users/11958/Desktop/Template/drivers/HPM/HPM6700/HPM6750/hpm_clock_drv.c.obj
 .debug_aranges
                0x00000000000004e0      0x110 CMakeFiles/Serial.elf.dir/C_/Users/11958/Desktop/Template/drivers/HPM/HPM6700/HPM6750/hpm_sysctl_drv.c.obj
 .debug_aranges
                0x00000000000005f0       0x48 CMakeFiles/Serial.elf.dir/C_/Users/11958/Desktop/Template/board/HPM6450/board_bsp.c.obj
 .debug_aranges
                0x0000000000000638       0x38 CMakeFiles/Serial.elf.dir/C_/Users/11958/Desktop/Template/board/HPM6450/bsp/hpm6450dp_uart12.c.obj
 .debug_aranges
                0x0000000000000670       0x20 CMakeFiles/Serial.elf.dir/main.c.obj
 .debug_aranges
                0x0000000000000690       0x20 c:/users/11958/desktop/template/tools/riscv/tool-chain/bin/../lib/gcc/riscv32-unknown-elf/11.1.0/rv32imafdc/ilp32f\libgcc.a(_udivdi3.o)
 .debug_aranges
                0x00000000000006b0       0x20 c:/users/11958/desktop/template/tools/riscv/tool-chain/bin/../lib/gcc/riscv32-unknown-elf/11.1.0/rv32imafdc/ilp32f\libgcc.a(eqtf2.o)
 .debug_aranges
                0x00000000000006d0       0x20 c:/users/11958/desktop/template/tools/riscv/tool-chain/bin/../lib/gcc/riscv32-unknown-elf/11.1.0/rv32imafdc/ilp32f\libgcc.a(getf2.o)
 .debug_aranges
                0x00000000000006f0       0x20 c:/users/11958/desktop/template/tools/riscv/tool-chain/bin/../lib/gcc/riscv32-unknown-elf/11.1.0/rv32imafdc/ilp32f\libgcc.a(letf2.o)
 .debug_aranges
                0x0000000000000710       0x20 c:/users/11958/desktop/template/tools/riscv/tool-chain/bin/../lib/gcc/riscv32-unknown-elf/11.1.0/rv32imafdc/ilp32f\libgcc.a(multf3.o)
 .debug_aranges
                0x0000000000000730       0x20 c:/users/11958/desktop/template/tools/riscv/tool-chain/bin/../lib/gcc/riscv32-unknown-elf/11.1.0/rv32imafdc/ilp32f\libgcc.a(subtf3.o)
 .debug_aranges
                0x0000000000000750       0x20 c:/users/11958/desktop/template/tools/riscv/tool-chain/bin/../lib/gcc/riscv32-unknown-elf/11.1.0/rv32imafdc/ilp32f\libgcc.a(fixtfsi.o)
 .debug_aranges
                0x0000000000000770       0x20 c:/users/11958/desktop/template/tools/riscv/tool-chain/bin/../lib/gcc/riscv32-unknown-elf/11.1.0/rv32imafdc/ilp32f\libgcc.a(floatsitf.o)
 .debug_aranges
                0x0000000000000790       0x20 c:/users/11958/desktop/template/tools/riscv/tool-chain/bin/../lib/gcc/riscv32-unknown-elf/11.1.0/rv32imafdc/ilp32f\libgcc.a(extenddftf2.o)
 .debug_aranges
                0x00000000000007b0       0x20 c:/users/11958/desktop/template/tools/riscv/tool-chain/bin/../lib/gcc/riscv32-unknown-elf/11.1.0/rv32imafdc/ilp32f\libgcc.a(trunctfdf2.o)
 .debug_aranges
                0x00000000000007d0       0x18 c:/users/11958/desktop/template/tools/riscv/tool-chain/bin/../lib/gcc/riscv32-unknown-elf/11.1.0/rv32imafdc/ilp32f\libgcc.a(_clz.o)
 .debug_aranges
                0x00000000000007e8       0x20 c:/users/11958/desktop/template/tools/riscv/tool-chain/bin/../lib/gcc/riscv32-unknown-elf/11.1.0/rv32imafdc/ilp32f\libgcc.a(_clzsi2.o)

.debug_rnglists
                0x0000000000000000     0x16e9
 .debug_rnglists
                0x0000000000000000       0x79 CMakeFiles/Serial.elf.dir/C_/Users/11958/Desktop/Template/arch/riscv/hpm/toolchains/gcc/stdio_weak.c.obj
 .debug_rnglists
                0x0000000000000079       0x1a CMakeFiles/Serial.elf.dir/C_/Users/11958/Desktop/Template/arch/riscv/hpm/toolchains/gcc/start.S.obj
 .debug_rnglists
                0x0000000000000093       0xb8 CMakeFiles/Serial.elf.dir/C_/Users/11958/Desktop/Template/arch/riscv/l1c/hpm_l1c_drv.c.obj
 .debug_rnglists
                0x000000000000014b       0x43 CMakeFiles/Serial.elf.dir/C_/Users/11958/Desktop/Template/arch/riscv/hpm/toolchains/reset.c.obj
 .debug_rnglists
                0x000000000000018e       0x1f CMakeFiles/Serial.elf.dir/C_/Users/11958/Desktop/Template/arch/riscv/hpm/toolchains/initfini.c.obj
 .debug_rnglists
                0x00000000000001ad       0x1f CMakeFiles/Serial.elf.dir/C_/Users/11958/Desktop/Template/arch/riscv/hpm/system.c.obj
 .debug_rnglists
                0x00000000000001cc       0x3a CMakeFiles/Serial.elf.dir/C_/Users/11958/Desktop/Template/arch/riscv/hpm/trap.c.obj
 .debug_rnglists
                0x0000000000000206       0x3a CMakeFiles/Serial.elf.dir/C_/Users/11958/Desktop/Template/subsys/uart_hal/subsys_uart.c.obj
 .debug_rnglists
                0x0000000000000240       0x1f CMakeFiles/Serial.elf.dir/C_/Users/11958/Desktop/Template/component/debug/serial_debug.c.obj
 .debug_rnglists
                0x000000000000025f       0x4c CMakeFiles/Serial.elf.dir/C_/Users/11958/Desktop/Template/drivers/HPM/drivers/src/hpm_pcfg_drv.c.obj
 .debug_rnglists
                0x00000000000002ab       0x79 CMakeFiles/Serial.elf.dir/C_/Users/11958/Desktop/Template/drivers/HPM/drivers/src/hpm_pllctl_drv.c.obj
 .debug_rnglists
                0x0000000000000324       0x82 CMakeFiles/Serial.elf.dir/C_/Users/11958/Desktop/Template/drivers/HPM/drivers/src/hpm_uart_drv.c.obj
 .debug_rnglists